{
    "query": "SELECT 1 + 2",
    "lexer": {
        "@type": "PhpMyAdmin\\SqlParser\\Lexer",
        "str": "SELECT 1 + 2",
        "len": 12,
        "last": 12,
        "list": {
            "@type": "PhpMyAdmin\\SqlParser\\TokensList",
            "count": 8,
            "idx": 0,
            "tokens": [
                {
                    "@type": "PhpMyAdmin\\SqlParser\\Token",
                    "token": "SELECT",
                    "value": "SELECT",
                    "keyword": "SELECT",
                    "type": {
                        "@type": "PhpMyAdmin\\SqlParser\\TokenType",
                        "name": "Keyword",
                        "value": 1
                    },
                    "flags": 3,
                    "position": 0
                },
                {
                    "@type": "PhpMyAdmin\\SqlParser\\Token",
                    "token": " ",
                    "value": " ",
                    "keyword": null,
                    "type": {
                        "@type": "PhpMyAdmin\\SqlParser\\TokenType",
                        "name": "Whitespace",
                        "value": 3
                    },
                    "flags": 0,
                    "position": 6
                },
                {
                    "@type": "PhpMyAdmin\\SqlParser\\Token",
                    "token": "1",
                    "value": 1,
                    "keyword": null,
                    "type": {
                        "@type": "PhpMyAdmin\\SqlParser\\TokenType",
                        "name": "Number",
                        "value": 6
                    },
                    "flags": 0,
                    "position": 7
                },
                {
                    "@type": "PhpMyAdmin\\SqlParser\\Token",
                    "token": " ",
                    "value": " ",
                    "keyword": null,
                    "type": {
                        "@type": "@5"
                    },
                    "flags": 0,
                    "position": 8
                },
                {
                    "@type": "PhpMyAdmin\\SqlParser\\Token",
                    "token": "+",
                    "value": "+",
                    "keyword": null,
                    "type": {
                        "@type": "PhpMyAdmin\\SqlParser\\TokenType",
                        "name": "Operator",
                        "value": 2
                    },
                    "flags": 1,
                    "position": 9
                },
                {
                    "@type": "PhpMyAdmin\\SqlParser\\Token",
                    "token": " ",
                    "value": " ",
                    "keyword": null,
                    "type": {
                        "@type": "@5"
                    },
                    "flags": 0,
                    "position": 10
                },
                {
                    "@type": "PhpMyAdmin\\SqlParser\\Token",
                    "token": "2",
                    "value": 2,
                    "keyword": null,
                    "type": {
                        "@type": "@7"
                    },
                    "flags": 0,
                    "position": 11
                },
                {
                    "@type": "PhpMyAdmin\\SqlParser\\Token",
                    "token": null,
                    "value": null,
                    "keyword": null,
                    "type": {
                        "@type": "PhpMyAdmin\\SqlParser\\TokenType",
                        "name": "Delimiter",
                        "value": 9
                    },
                    "flags": 0,
                    "position": null
                }
            ]
        },
        "delimiter": ";",
        "delimiterLen": 1,
        "strict": false,
        "errors": []
    },
    "parser": null,
    "errors": {
        "lexer": [],
        "parser": []
    }
}