{
    "query": "DELETE IGNORE FROM t1 ORDER BY id",
    "lexer": {
        "@type": "PhpMyAdmin\\SqlParser\\Lexer",
        "strict": false,
        "errors": [],
        "str": "DELETE IGNORE FROM t1 ORDER BY id",
        "len": 33,
        "last": 33,
        "list": {
            "@type": "PhpMyAdmin\\SqlParser\\TokensList",
            "count": 12,
            "idx": 12,
            "tokens": [
                {
                    "@type": "PhpMyAdmin\\SqlParser\\Token",
                    "token": "DELETE",
                    "value": "DELETE",
                    "keyword": "DELETE",
                    "type": {
                        "@type": "PhpMyAdmin\\SqlParser\\TokenType",
                        "name": "Keyword",
                        "value": 1
                    },
                    "flags": 3,
                    "position": 0
                },
                {
                    "@type": "PhpMyAdmin\\SqlParser\\Token",
                    "token": " ",
                    "value": " ",
                    "keyword": null,
                    "type": {
                        "@type": "PhpMyAdmin\\SqlParser\\TokenType",
                        "name": "Whitespace",
                        "value": 3
                    },
                    "flags": 0,
                    "position": 6
                },
                {
                    "@type": "PhpMyAdmin\\SqlParser\\Token",
                    "token": "IGNORE",
                    "value": "IGNORE",
                    "keyword": "IGNORE",
                    "type": {
                        "@type": "@3"
                    },
                    "flags": 3,
                    "position": 7
                },
                {
                    "@type": "PhpMyAdmin\\SqlParser\\Token",
                    "token": " ",
                    "value": " ",
                    "keyword": null,
                    "type": {
                        "@type": "@5"
                    },
                    "flags": 0,
                    "position": 13
                },
                {
                    "@type": "PhpMyAdmin\\SqlParser\\Token",
                    "token": "FROM",
                    "value": "FROM",
                    "keyword": "FROM",
                    "type": {
                        "@type": "@3"
                    },
                    "flags": 3,
                    "position": 14
                },
                {
                    "@type": "PhpMyAdmin\\SqlParser\\Token",
                    "token": " ",
                    "value": " ",
                    "keyword": null,
                    "type": {
                        "@type": "@5"
                    },
                    "flags": 0,
                    "position": 18
                },
                {
                    "@type": "PhpMyAdmin\\SqlParser\\Token",
                    "token": "t1",
                    "value": "t1",
                    "keyword": null,
                    "type": {
                        "@type": "PhpMyAdmin\\SqlParser\\TokenType",
                        "name": "None",
                        "value": 0
                    },
                    "flags": 0,
                    "position": 19
                },
                {
                    "@type": "PhpMyAdmin\\SqlParser\\Token",
                    "token": " ",
                    "value": " ",
                    "keyword": null,
                    "type": {
                        "@type": "@5"
                    },
                    "flags": 0,
                    "position": 21
                },
                {
                    "@type": "PhpMyAdmin\\SqlParser\\Token",
                    "token": "ORDER BY",
                    "value": "ORDER BY",
                    "keyword": "ORDER BY",
                    "type": {
                        "@type": "@3"
                    },
                    "flags": 7,
                    "position": 22
                },
                {
                    "@type": "PhpMyAdmin\\SqlParser\\Token",
                    "token": " ",
                    "value": " ",
                    "keyword": null,
                    "type": {
                        "@type": "@5"
                    },
                    "flags": 0,
                    "position": 30
                },
                {
                    "@type": "PhpMyAdmin\\SqlParser\\Token",
                    "token": "id",
                    "value": "id",
                    "keyword": null,
                    "type": {
                        "@type": "@11"
                    },
                    "flags": 0,
                    "position": 31
                },
                {
                    "@type": "PhpMyAdmin\\SqlParser\\Token",
                    "token": "",
                    "value": "",
                    "keyword": null,
                    "type": {
                        "@type": "PhpMyAdmin\\SqlParser\\TokenType",
                        "name": "Delimiter",
                        "value": 9
                    },
                    "flags": 0,
                    "position": null
                }
            ]
        },
        "delimiter": ";",
        "delimiterLen": 1
    },
    "parser": {
        "@type": "PhpMyAdmin\\SqlParser\\Parser",
        "strict": false,
        "errors": [],
        "list": {
            "@type": "@1"
        },
        "statements": [
            {
                "@type": "PhpMyAdmin\\SqlParser\\Statements\\DeleteStatement",
                "from": [
                    {
                        "@type": "PhpMyAdmin\\SqlParser\\Components\\Expression",
                        "database": null,
                        "table": "t1",
                        "column": null,
                        "expr": "t1",
                        "alias": null,
                        "function": null,
                        "subquery": null
                    }
                ],
                "join": null,
                "using": null,
                "columns": null,
                "partition": null,
                "where": null,
                "order": [
                    {
                        "@type": "PhpMyAdmin\\SqlParser\\Components\\OrderKeyword",
                        "expr": {
                            "@type": "PhpMyAdmin\\SqlParser\\Components\\Expression",
                            "database": null,
                            "table": null,
                            "column": "id",
                            "expr": "id",
                            "alias": null,
                            "function": null,
                            "subquery": null
                        },
                        "type": {
                            "@type": "PhpMyAdmin\\SqlParser\\Components\\OrderSortKeyword",
                            "name": "Asc",
                            "value": "ASC"
                        }
                    }
                ],
                "limit": null,
                "options": {
                    "@type": "PhpMyAdmin\\SqlParser\\Components\\OptionsArray",
                    "options": {
                        "3": "IGNORE"
                    }
                },
                "first": 0,
                "last": 10
            }
        ],
        "brackets": 0
    },
    "errors": {
        "lexer": [],
        "parser": []
    }
}