{
    "query": "ALTER TABLE `testtable` DROP COLUMN `id2`, ALGORITHM=INPLACE, LOCK=NONE;",
    "lexer": {
        "@type": "PhpMyAdmin\\SqlParser\\Lexer",
        "strict": false,
        "errors": [],
        "str": "ALTER TABLE `testtable` DROP COLUMN `id2`, ALGORITHM=INPLACE, LOCK=NONE;",
        "len": 72,
        "last": 72,
        "list": {
            "@type": "PhpMyAdmin\\SqlParser\\TokensList",
            "count": 23,
            "idx": 23,
            "tokens": [
                {
                    "@type": "PhpMyAdmin\\SqlParser\\Token",
                    "token": "ALTER",
                    "value": "ALTER",
                    "keyword": "ALTER",
                    "type": {
                        "@type": "PhpMyAdmin\\SqlParser\\TokenType",
                        "name": "Keyword",
                        "value": 1
                    },
                    "flags": 3,
                    "position": 0
                },
                {
                    "@type": "PhpMyAdmin\\SqlParser\\Token",
                    "token": " ",
                    "value": " ",
                    "keyword": null,
                    "type": {
                        "@type": "PhpMyAdmin\\SqlParser\\TokenType",
                        "name": "Whitespace",
                        "value": 3
                    },
                    "flags": 0,
                    "position": 5
                },
                {
                    "@type": "PhpMyAdmin\\SqlParser\\Token",
                    "token": "TABLE",
                    "value": "TABLE",
                    "keyword": "TABLE",
                    "type": {
                        "@type": "@3"
                    },
                    "flags": 3,
                    "position": 6
                },
                {
                    "@type": "PhpMyAdmin\\SqlParser\\Token",
                    "token": " ",
                    "value": " ",
                    "keyword": null,
                    "type": {
                        "@type": "@5"
                    },
                    "flags": 0,
                    "position": 11
                },
                {
                    "@type": "PhpMyAdmin\\SqlParser\\Token",
                    "token": "`testtable`",
                    "value": "testtable",
                    "keyword": null,
                    "type": {
                        "@type": "PhpMyAdmin\\SqlParser\\TokenType",
                        "name": "Symbol",
                        "value": 8
                    },
                    "flags": 2,
                    "position": 12
                },
                {
                    "@type": "PhpMyAdmin\\SqlParser\\Token",
                    "token": " ",
                    "value": " ",
                    "keyword": null,
                    "type": {
                        "@type": "@5"
                    },
                    "flags": 0,
                    "position": 23
                },
                {
                    "@type": "PhpMyAdmin\\SqlParser\\Token",
                    "token": "DROP",
                    "value": "DROP",
                    "keyword": "DROP",
                    "type": {
                        "@type": "@3"
                    },
                    "flags": 3,
                    "position": 24
                },
                {
                    "@type": "PhpMyAdmin\\SqlParser\\Token",
                    "token": " ",
                    "value": " ",
                    "keyword": null,
                    "type": {
                        "@type": "@5"
                    },
                    "flags": 0,
                    "position": 28
                },
                {
                    "@type": "PhpMyAdmin\\SqlParser\\Token",
                    "token": "COLUMN",
                    "value": "COLUMN",
                    "keyword": "COLUMN",
                    "type": {
                        "@type": "@3"
                    },
                    "flags": 3,
                    "position": 29
                },
                {
                    "@type": "PhpMyAdmin\\SqlParser\\Token",
                    "token": " ",
                    "value": " ",
                    "keyword": null,
                    "type": {
                        "@type": "@5"
                    },
                    "flags": 0,
                    "position": 35
                },
                {
                    "@type": "PhpMyAdmin\\SqlParser\\Token",
                    "token": "`id2`",
                    "value": "id2",
                    "keyword": null,
                    "type": {
                        "@type": "@9"
                    },
                    "flags": 2,
                    "position": 36
                },
                {
                    "@type": "PhpMyAdmin\\SqlParser\\Token",
                    "token": ",",
                    "value": ",",
                    "keyword": null,
                    "type": {
                        "@type": "PhpMyAdmin\\SqlParser\\TokenType",
                        "name": "Operator",
                        "value": 2
                    },
                    "flags": 16,
                    "position": 41
                },
                {
                    "@type": "PhpMyAdmin\\SqlParser\\Token",
                    "token": " ",
                    "value": " ",
                    "keyword": null,
                    "type": {
                        "@type": "@5"
                    },
                    "flags": 0,
                    "position": 42
                },
                {
                    "@type": "PhpMyAdmin\\SqlParser\\Token",
                    "token": "ALGORITHM",
                    "value": "ALGORITHM",
                    "keyword": "ALGORITHM",
                    "type": {
                        "@type": "@3"
                    },
                    "flags": 1,
                    "position": 43
                },
                {
                    "@type": "PhpMyAdmin\\SqlParser\\Token",
                    "token": "=",
                    "value": "=",
                    "keyword": null,
                    "type": {
                        "@type": "@17"
                    },
                    "flags": 2,
                    "position": 52
                },
                {
                    "@type": "PhpMyAdmin\\SqlParser\\Token",
                    "token": "INPLACE",
                    "value": "INPLACE",
                    "keyword": null,
                    "type": {
                        "@type": "PhpMyAdmin\\SqlParser\\TokenType",
                        "name": "None",
                        "value": 0
                    },
                    "flags": 0,
                    "position": 53
                },
                {
                    "@type": "PhpMyAdmin\\SqlParser\\Token",
                    "token": ",",
                    "value": ",",
                    "keyword": null,
                    "type": {
                        "@type": "@17"
                    },
                    "flags": 16,
                    "position": 60
                },
                {
                    "@type": "PhpMyAdmin\\SqlParser\\Token",
                    "token": " ",
                    "value": " ",
                    "keyword": null,
                    "type": {
                        "@type": "@5"
                    },
                    "flags": 0,
                    "position": 61
                },
                {
                    "@type": "PhpMyAdmin\\SqlParser\\Token",
                    "token": "LOCK",
                    "value": "LOCK",
                    "keyword": "LOCK",
                    "type": {
                        "@type": "@3"
                    },
                    "flags": 3,
                    "position": 62
                },
                {
                    "@type": "PhpMyAdmin\\SqlParser\\Token",
                    "token": "=",
                    "value": "=",
                    "keyword": null,
                    "type": {
                        "@type": "@17"
                    },
                    "flags": 2,
                    "position": 66
                },
                {
                    "@type": "PhpMyAdmin\\SqlParser\\Token",
                    "token": "NONE",
                    "value": "NONE",
                    "keyword": "NONE",
                    "type": {
                        "@type": "@3"
                    },
                    "flags": 1,
                    "position": 67
                },
                {
                    "@type": "PhpMyAdmin\\SqlParser\\Token",
                    "token": ";",
                    "value": ";",
                    "keyword": null,
                    "type": {
                        "@type": "PhpMyAdmin\\SqlParser\\TokenType",
                        "name": "Delimiter",
                        "value": 9
                    },
                    "flags": 0,
                    "position": 71
                },
                {
                    "@type": "PhpMyAdmin\\SqlParser\\Token",
                    "token": null,
                    "value": null,
                    "keyword": null,
                    "type": {
                        "@type": "@29"
                    },
                    "flags": 0,
                    "position": null
                }
            ]
        },
        "delimiter": ";",
        "delimiterLen": 1
    },
    "parser": {
        "@type": "PhpMyAdmin\\SqlParser\\Parser",
        "strict": false,
        "errors": [],
        "list": {
            "@type": "@1"
        },
        "statements": [
            {
                "@type": "PhpMyAdmin\\SqlParser\\Statements\\AlterStatement",
                "table": {
                    "@type": "PhpMyAdmin\\SqlParser\\Components\\Expression",
                    "database": null,
                    "table": "testtable",
                    "column": null,
                    "expr": "`testtable`",
                    "alias": null,
                    "function": null,
                    "subquery": null
                },
                "altered": [
                    {
                        "@type": "PhpMyAdmin\\SqlParser\\Components\\AlterOperation",
                        "options": {
                            "@type": "PhpMyAdmin\\SqlParser\\Components\\OptionsArray",
                            "options": {
                                "1": "DROP",
                                "2": "COLUMN"
                            }
                        },
                        "field": {
                            "@type": "PhpMyAdmin\\SqlParser\\Components\\Expression",
                            "database": null,
                            "table": null,
                            "column": "id2",
                            "expr": "`id2`",
                            "alias": null,
                            "function": null,
                            "subquery": null
                        },
                        "partitions": null,
                        "unknown": []
                    },
                    {
                        "@type": "PhpMyAdmin\\SqlParser\\Components\\AlterOperation",
                        "options": {
                            "@type": "PhpMyAdmin\\SqlParser\\Components\\OptionsArray",
                            "options": {
                                "1": {
                                    "name": "ALGORITHM",
                                    "equals": true,
                                    "expr": "INPLACE",
                                    "value": "INPLACE"
                                }
                            }
                        },
                        "field": null,
                        "partitions": null,
                        "unknown": []
                    },
                    {
                        "@type": "PhpMyAdmin\\SqlParser\\Components\\AlterOperation",
                        "options": {
                            "@type": "PhpMyAdmin\\SqlParser\\Components\\OptionsArray",
                            "options": {
                                "1": {
                                    "name": "LOCK",
                                    "equals": true,
                                    "expr": "NONE",
                                    "value": "NONE"
                                }
                            }
                        },
                        "field": null,
                        "partitions": null,
                        "unknown": []
                    }
                ],
                "options": {
                    "@type": "PhpMyAdmin\\SqlParser\\Components\\OptionsArray",
                    "options": {
                        "3": "TABLE"
                    }
                },
                "first": 0,
                "last": 21
            }
        ],
        "brackets": 0
    },
    "errors": {
        "lexer": [],
        "parser": []
    }
}