{
    "query": "ANALYZE",
    "lexer": {
        "@type": "PhpMyAdmin\\SqlParser\\Lexer",
        "str": "ANALYZE",
        "len": 7,
        "last": 7,
        "list": {
            "@type": "PhpMyAdmin\\SqlParser\\TokensList",
            "count": 2,
            "idx": 2,
            "tokens": [
                {
                    "@type": "PhpMyAdmin\\SqlParser\\Token",
                    "token": "ANALYZE",
                    "value": "ANALYZE",
                    "keyword": "ANALYZE",
                    "type": {
                        "@type": "PhpMyAdmin\\SqlParser\\TokenType",
                        "name": "Keyword",
                        "value": 1
                    },
                    "flags": 3,
                    "position": 0
                },
                {
                    "@type": "PhpMyAdmin\\SqlParser\\Token",
                    "token": null,
                    "value": null,
                    "keyword": null,
                    "type": {
                        "@type": "PhpMyAdmin\\SqlParser\\TokenType",
                        "name": "Delimiter",
                        "value": 9
                    },
                    "flags": 0,
                    "position": null
                }
            ]
        },
        "delimiter": ";",
        "delimiterLen": 1,
        "strict": false,
        "errors": []
    },
    "parser": {
        "@type": "PhpMyAdmin\\SqlParser\\Parser",
        "list": {
            "@type": "@1"
        },
        "statements": [
            {
                "@type": "PhpMyAdmin\\SqlParser\\Statements\\ExplainStatement",
                "bodyParser": null,
                "statementAlias": "ANALYZE",
                "connectionId": null,
                "explainedDatabase": null,
                "explainedTable": null,
                "explainedColumn": null,
                "options": null,
                "first": 0,
                "last": 0
            }
        ],
        "brackets": 0,
        "strict": false,
        "errors": []
    },
    "errors": {
        "lexer": [],
        "parser": []
    }
}