{
    "query": "SELECT `````` FROM ``````;",
    "lexer": {
        "@type": "PhpMyAdmin\\SqlParser\\Lexer",
        "strict": false,
        "errors": [],
        "str": "SELECT `````` FROM ``````;",
        "len": 26,
        "last": 26,
        "list": {
            "@type": "PhpMyAdmin\\SqlParser\\TokensList",
            "count": 9,
            "idx": 9,
            "tokens": [
                {
                    "@type": "PhpMyAdmin\\SqlParser\\Token",
                    "token": "SELECT",
                    "value": "SELECT",
                    "keyword": "SELECT",
                    "type": {
                        "@type": "PhpMyAdmin\\SqlParser\\TokenType",
                        "name": "Keyword",
                        "value": 1
                    },
                    "flags": 3,
                    "position": 0
                },
                {
                    "@type": "PhpMyAdmin\\SqlParser\\Token",
                    "token": " ",
                    "value": " ",
                    "keyword": null,
                    "type": {
                        "@type": "PhpMyAdmin\\SqlParser\\TokenType",
                        "name": "Whitespace",
                        "value": 3
                    },
                    "flags": 0,
                    "position": 6
                },
                {
                    "@type": "PhpMyAdmin\\SqlParser\\Token",
                    "token": "``````",
                    "value": "``",
                    "keyword": null,
                    "type": {
                        "@type": "PhpMyAdmin\\SqlParser\\TokenType",
                        "name": "Symbol",
                        "value": 8
                    },
                    "flags": 2,
                    "position": 7
                },
                {
                    "@type": "PhpMyAdmin\\SqlParser\\Token",
                    "token": " ",
                    "value": " ",
                    "keyword": null,
                    "type": {
                        "@type": "@5"
                    },
                    "flags": 0,
                    "position": 13
                },
                {
                    "@type": "PhpMyAdmin\\SqlParser\\Token",
                    "token": "FROM",
                    "value": "FROM",
                    "keyword": "FROM",
                    "type": {
                        "@type": "@3"
                    },
                    "flags": 3,
                    "position": 14
                },
                {
                    "@type": "PhpMyAdmin\\SqlParser\\Token",
                    "token": " ",
                    "value": " ",
                    "keyword": null,
                    "type": {
                        "@type": "@5"
                    },
                    "flags": 0,
                    "position": 18
                },
                {
                    "@type": "PhpMyAdmin\\SqlParser\\Token",
                    "token": "``````",
                    "value": "``",
                    "keyword": null,
                    "type": {
                        "@type": "@7"
                    },
                    "flags": 2,
                    "position": 19
                },
                {
                    "@type": "PhpMyAdmin\\SqlParser\\Token",
                    "token": ";",
                    "value": ";",
                    "keyword": null,
                    "type": {
                        "@type": "PhpMyAdmin\\SqlParser\\TokenType",
                        "name": "Delimiter",
                        "value": 9
                    },
                    "flags": 0,
                    "position": 25
                },
                {
                    "@type": "PhpMyAdmin\\SqlParser\\Token",
                    "token": "",
                    "value": "",
                    "keyword": null,
                    "type": {
                        "@type": "@13"
                    },
                    "flags": 0,
                    "position": null
                }
            ]
        },
        "delimiter": ";",
        "delimiterLen": 1
    },
    "parser": {
        "@type": "PhpMyAdmin\\SqlParser\\Parser",
        "strict": false,
        "errors": [],
        "list": {
            "@type": "@1"
        },
        "statements": [
            {
                "@type": "PhpMyAdmin\\SqlParser\\Statements\\SelectStatement",
                "expr": [
                    {
                        "@type": "PhpMyAdmin\\SqlParser\\Components\\Expression",
                        "database": null,
                        "table": null,
                        "column": "``",
                        "expr": "``````",
                        "alias": null,
                        "function": null,
                        "subquery": null
                    }
                ],
                "from": [
                    {
                        "@type": "PhpMyAdmin\\SqlParser\\Components\\Expression",
                        "database": null,
                        "table": "``",
                        "column": null,
                        "expr": "``````",
                        "alias": null,
                        "function": null,
                        "subquery": null
                    }
                ],
                "indexHints": null,
                "partition": null,
                "where": null,
                "group": null,
                "groupOptions": null,
                "having": null,
                "order": null,
                "limit": null,
                "procedure": null,
                "into": null,
                "join": null,
                "union": [],
                "endOptions": null,
                "options": {
                    "@type": "PhpMyAdmin\\SqlParser\\Components\\OptionsArray",
                    "options": []
                },
                "first": 0,
                "last": 6
            }
        ],
        "brackets": 0
    },
    "errors": {
        "lexer": [],
        "parser": []
    }
}