{
    "query": "CREATE DATABASE IF NOT EXISTS pma DEFAULT CHARSET 'utf8';",
    "lexer": {
        "@type": "PhpMyAdmin\\SqlParser\\Lexer",
        "strict": false,
        "errors": [],
        "str": "CREATE DATABASE IF NOT EXISTS pma DEFAULT CHARSET 'utf8';",
        "len": 57,
        "last": 57,
        "list": {
            "@type": "PhpMyAdmin\\SqlParser\\TokensList",
            "count": 13,
            "idx": 13,
            "tokens": [
                {
                    "@type": "PhpMyAdmin\\SqlParser\\Token",
                    "token": "CREATE",
                    "value": "CREATE",
                    "keyword": "CREATE",
                    "type": {
                        "@type": "PhpMyAdmin\\SqlParser\\TokenType",
                        "name": "Keyword",
                        "value": 1
                    },
                    "flags": 3,
                    "position": 0
                },
                {
                    "@type": "PhpMyAdmin\\SqlParser\\Token",
                    "token": " ",
                    "value": " ",
                    "keyword": null,
                    "type": {
                        "@type": "PhpMyAdmin\\SqlParser\\TokenType",
                        "name": "Whitespace",
                        "value": 3
                    },
                    "flags": 0,
                    "position": 6
                },
                {
                    "@type": "PhpMyAdmin\\SqlParser\\Token",
                    "token": "DATABASE",
                    "value": "DATABASE",
                    "keyword": "DATABASE",
                    "type": {
                        "@type": "@3"
                    },
                    "flags": 35,
                    "position": 7
                },
                {
                    "@type": "PhpMyAdmin\\SqlParser\\Token",
                    "token": " ",
                    "value": " ",
                    "keyword": null,
                    "type": {
                        "@type": "@5"
                    },
                    "flags": 0,
                    "position": 15
                },
                {
                    "@type": "PhpMyAdmin\\SqlParser\\Token",
                    "token": "IF NOT EXISTS",
                    "value": "IF NOT EXISTS",
                    "keyword": "IF NOT EXISTS",
                    "type": {
                        "@type": "@3"
                    },
                    "flags": 7,
                    "position": 16
                },
                {
                    "@type": "PhpMyAdmin\\SqlParser\\Token",
                    "token": " ",
                    "value": " ",
                    "keyword": null,
                    "type": {
                        "@type": "@5"
                    },
                    "flags": 0,
                    "position": 29
                },
                {
                    "@type": "PhpMyAdmin\\SqlParser\\Token",
                    "token": "pma",
                    "value": "pma",
                    "keyword": null,
                    "type": {
                        "@type": "PhpMyAdmin\\SqlParser\\TokenType",
                        "name": "None",
                        "value": 0
                    },
                    "flags": 0,
                    "position": 30
                },
                {
                    "@type": "PhpMyAdmin\\SqlParser\\Token",
                    "token": " ",
                    "value": " ",
                    "keyword": null,
                    "type": {
                        "@type": "@5"
                    },
                    "flags": 0,
                    "position": 33
                },
                {
                    "@type": "PhpMyAdmin\\SqlParser\\Token",
                    "token": "DEFAULT CHARSET",
                    "value": "DEFAULT CHARSET",
                    "keyword": "DEFAULT CHARSET",
                    "type": {
                        "@type": "@3"
                    },
                    "flags": 7,
                    "position": 34
                },
                {
                    "@type": "PhpMyAdmin\\SqlParser\\Token",
                    "token": " ",
                    "value": " ",
                    "keyword": null,
                    "type": {
                        "@type": "@5"
                    },
                    "flags": 0,
                    "position": 49
                },
                {
                    "@type": "PhpMyAdmin\\SqlParser\\Token",
                    "token": "'utf8'",
                    "value": "utf8",
                    "keyword": null,
                    "type": {
                        "@type": "PhpMyAdmin\\SqlParser\\TokenType",
                        "name": "String",
                        "value": 7
                    },
                    "flags": 1,
                    "position": 50
                },
                {
                    "@type": "PhpMyAdmin\\SqlParser\\Token",
                    "token": ";",
                    "value": ";",
                    "keyword": null,
                    "type": {
                        "@type": "PhpMyAdmin\\SqlParser\\TokenType",
                        "name": "Delimiter",
                        "value": 9
                    },
                    "flags": 0,
                    "position": 56
                },
                {
                    "@type": "PhpMyAdmin\\SqlParser\\Token",
                    "token": "",
                    "value": "",
                    "keyword": null,
                    "type": {
                        "@type": "@18"
                    },
                    "flags": 0,
                    "position": null
                }
            ]
        },
        "delimiter": ";",
        "delimiterLen": 1
    },
    "parser": {
        "@type": "PhpMyAdmin\\SqlParser\\Parser",
        "strict": false,
        "errors": [],
        "list": {
            "@type": "@1"
        },
        "statements": [
            {
                "@type": "PhpMyAdmin\\SqlParser\\Statements\\CreateStatement",
                "name": {
                    "@type": "PhpMyAdmin\\SqlParser\\Components\\Expression",
                    "database": "pma",
                    "table": null,
                    "column": null,
                    "expr": "pma",
                    "alias": null,
                    "function": null,
                    "subquery": null
                },
                "entityOptions": {
                    "@type": "PhpMyAdmin\\SqlParser\\Components\\OptionsArray",
                    "options": {
                        "1": {
                            "name": "DEFAULT CHARSET",
                            "equals": true,
                            "expr": "'utf8'",
                            "value": "utf8"
                        }
                    }
                },
                "fields": null,
                "with": null,
                "select": null,
                "like": null,
                "partitionBy": null,
                "partitionsNum": null,
                "subpartitionBy": null,
                "subpartitionsNum": null,
                "partitions": null,
                "table": null,
                "return": null,
                "parameters": null,
                "body": [],
                "options": {
                    "@type": "PhpMyAdmin\\SqlParser\\Components\\OptionsArray",
                    "options": {
                        "6": "DATABASE",
                        "7": "IF NOT EXISTS"
                    }
                },
                "first": 0,
                "last": 10
            }
        ],
        "brackets": 0
    },
    "errors": {
        "lexer": [],
        "parser": []
    }
}