{
    "query": "LOCK TABLES table1 AS `t1` LOW_PRIORITY WRITE;",
    "lexer": {
        "@type": "PhpMyAdmin\\SqlParser\\Lexer",
        "str": "LOCK TABLES table1 AS `t1` LOW_PRIORITY WRITE;",
        "len": 46,
        "last": 46,
        "list": {
            "@type": "PhpMyAdmin\\SqlParser\\TokensList",
            "count": 15,
            "idx": 15,
            "tokens": [
                {
                    "@type": "PhpMyAdmin\\SqlParser\\Token",
                    "token": "LOCK",
                    "value": "LOCK",
                    "keyword": "LOCK",
                    "type": {
                        "@type": "PhpMyAdmin\\SqlParser\\TokenType",
                        "name": "Keyword",
                        "value": 1
                    },
                    "flags": 3,
                    "position": 0
                },
                {
                    "@type": "PhpMyAdmin\\SqlParser\\Token",
                    "token": " ",
                    "value": " ",
                    "keyword": null,
                    "type": {
                        "@type": "PhpMyAdmin\\SqlParser\\TokenType",
                        "name": "Whitespace",
                        "value": 3
                    },
                    "flags": 0,
                    "position": 4
                },
                {
                    "@type": "PhpMyAdmin\\SqlParser\\Token",
                    "token": "TABLES",
                    "value": "TABLES",
                    "keyword": "TABLES",
                    "type": {
                        "@type": "@3"
                    },
                    "flags": 1,
                    "position": 5
                },
                {
                    "@type": "PhpMyAdmin\\SqlParser\\Token",
                    "token": " ",
                    "value": " ",
                    "keyword": null,
                    "type": {
                        "@type": "@5"
                    },
                    "flags": 0,
                    "position": 11
                },
                {
                    "@type": "PhpMyAdmin\\SqlParser\\Token",
                    "token": "table1",
                    "value": "table1",
                    "keyword": null,
                    "type": {
                        "@type": "PhpMyAdmin\\SqlParser\\TokenType",
                        "name": "None",
                        "value": 0
                    },
                    "flags": 0,
                    "position": 12
                },
                {
                    "@type": "PhpMyAdmin\\SqlParser\\Token",
                    "token": " ",
                    "value": " ",
                    "keyword": null,
                    "type": {
                        "@type": "@5"
                    },
                    "flags": 0,
                    "position": 18
                },
                {
                    "@type": "PhpMyAdmin\\SqlParser\\Token",
                    "token": "AS",
                    "value": "AS",
                    "keyword": "AS",
                    "type": {
                        "@type": "@3"
                    },
                    "flags": 3,
                    "position": 19
                },
                {
                    "@type": "PhpMyAdmin\\SqlParser\\Token",
                    "token": " ",
                    "value": " ",
                    "keyword": null,
                    "type": {
                        "@type": "@5"
                    },
                    "flags": 0,
                    "position": 21
                },
                {
                    "@type": "PhpMyAdmin\\SqlParser\\Token",
                    "token": "`t1`",
                    "value": "t1",
                    "keyword": null,
                    "type": {
                        "@type": "PhpMyAdmin\\SqlParser\\TokenType",
                        "name": "Symbol",
                        "value": 8
                    },
                    "flags": 2,
                    "position": 22
                },
                {
                    "@type": "PhpMyAdmin\\SqlParser\\Token",
                    "token": " ",
                    "value": " ",
                    "keyword": null,
                    "type": {
                        "@type": "@5"
                    },
                    "flags": 0,
                    "position": 26
                },
                {
                    "@type": "PhpMyAdmin\\SqlParser\\Token",
                    "token": "LOW_PRIORITY",
                    "value": "LOW_PRIORITY",
                    "keyword": "LOW_PRIORITY",
                    "type": {
                        "@type": "@3"
                    },
                    "flags": 3,
                    "position": 27
                },
                {
                    "@type": "PhpMyAdmin\\SqlParser\\Token",
                    "token": " ",
                    "value": " ",
                    "keyword": null,
                    "type": {
                        "@type": "@5"
                    },
                    "flags": 0,
                    "position": 39
                },
                {
                    "@type": "PhpMyAdmin\\SqlParser\\Token",
                    "token": "WRITE",
                    "value": "WRITE",
                    "keyword": "WRITE",
                    "type": {
                        "@type": "@3"
                    },
                    "flags": 3,
                    "position": 40
                },
                {
                    "@type": "PhpMyAdmin\\SqlParser\\Token",
                    "token": ";",
                    "value": ";",
                    "keyword": null,
                    "type": {
                        "@type": "PhpMyAdmin\\SqlParser\\TokenType",
                        "name": "Delimiter",
                        "value": 9
                    },
                    "flags": 0,
                    "position": 45
                },
                {
                    "@type": "PhpMyAdmin\\SqlParser\\Token",
                    "token": null,
                    "value": null,
                    "keyword": null,
                    "type": {
                        "@type": "@20"
                    },
                    "flags": 0,
                    "position": null
                }
            ]
        },
        "delimiter": ";",
        "delimiterLen": 1,
        "strict": false,
        "errors": []
    },
    "parser": {
        "@type": "PhpMyAdmin\\SqlParser\\Parser",
        "list": {
            "@type": "@1"
        },
        "statements": [
            {
                "@type": "PhpMyAdmin\\SqlParser\\Statements\\LockStatement",
                "locked": [
                    {
                        "@type": "PhpMyAdmin\\SqlParser\\Components\\LockExpression",
                        "table": {
                            "@type": "PhpMyAdmin\\SqlParser\\Components\\Expression",
                            "database": null,
                            "table": "table1",
                            "column": null,
                            "expr": "table1",
                            "alias": "t1",
                            "function": null,
                            "subquery": null
                        },
                        "type": "LOW_PRIORITY WRITE"
                    }
                ],
                "isLock": true,
                "options": null,
                "first": 0,
                "last": 13
            }
        ],
        "brackets": 0,
        "strict": false,
        "errors": []
    },
    "errors": {
        "lexer": [],
        "parser": []
    }
}