{
    "query": "CREATE FUNCTION test() RETURNS",
    "lexer": {
        "@type": "PhpMyAdmin\\SqlParser\\Lexer",
        "strict": false,
        "errors": [],
        "str": "CREATE FUNCTION test() RETURNS",
        "len": 30,
        "last": 30,
        "list": {
            "@type": "PhpMyAdmin\\SqlParser\\TokensList",
            "count": 10,
            "idx": 12,
            "tokens": [
                {
                    "@type": "PhpMyAdmin\\SqlParser\\Token",
                    "token": "CREATE",
                    "value": "CREATE",
                    "keyword": "CREATE",
                    "type": {
                        "@type": "PhpMyAdmin\\SqlParser\\TokenType",
                        "name": "Keyword",
                        "value": 1
                    },
                    "flags": 3,
                    "position": 0
                },
                {
                    "@type": "PhpMyAdmin\\SqlParser\\Token",
                    "token": " ",
                    "value": " ",
                    "keyword": null,
                    "type": {
                        "@type": "PhpMyAdmin\\SqlParser\\TokenType",
                        "name": "Whitespace",
                        "value": 3
                    },
                    "flags": 0,
                    "position": 6
                },
                {
                    "@type": "PhpMyAdmin\\SqlParser\\Token",
                    "token": "FUNCTION",
                    "value": "FUNCTION",
                    "keyword": "FUNCTION",
                    "type": {
                        "@type": "@3"
                    },
                    "flags": 1,
                    "position": 7
                },
                {
                    "@type": "PhpMyAdmin\\SqlParser\\Token",
                    "token": " ",
                    "value": " ",
                    "keyword": null,
                    "type": {
                        "@type": "@5"
                    },
                    "flags": 0,
                    "position": 15
                },
                {
                    "@type": "PhpMyAdmin\\SqlParser\\Token",
                    "token": "test",
                    "value": "test",
                    "keyword": null,
                    "type": {
                        "@type": "PhpMyAdmin\\SqlParser\\TokenType",
                        "name": "None",
                        "value": 0
                    },
                    "flags": 0,
                    "position": 16
                },
                {
                    "@type": "PhpMyAdmin\\SqlParser\\Token",
                    "token": "(",
                    "value": "(",
                    "keyword": null,
                    "type": {
                        "@type": "PhpMyAdmin\\SqlParser\\TokenType",
                        "name": "Operator",
                        "value": 2
                    },
                    "flags": 16,
                    "position": 20
                },
                {
                    "@type": "PhpMyAdmin\\SqlParser\\Token",
                    "token": ")",
                    "value": ")",
                    "keyword": null,
                    "type": {
                        "@type": "@11"
                    },
                    "flags": 16,
                    "position": 21
                },
                {
                    "@type": "PhpMyAdmin\\SqlParser\\Token",
                    "token": " ",
                    "value": " ",
                    "keyword": null,
                    "type": {
                        "@type": "@5"
                    },
                    "flags": 0,
                    "position": 22
                },
                {
                    "@type": "PhpMyAdmin\\SqlParser\\Token",
                    "token": "RETURNS",
                    "value": "RETURNS",
                    "keyword": "RETURNS",
                    "type": {
                        "@type": "@3"
                    },
                    "flags": 1,
                    "position": 23
                },
                {
                    "@type": "PhpMyAdmin\\SqlParser\\Token",
                    "token": "",
                    "value": "",
                    "keyword": null,
                    "type": {
                        "@type": "PhpMyAdmin\\SqlParser\\TokenType",
                        "name": "Delimiter",
                        "value": 9
                    },
                    "flags": 0,
                    "position": null
                }
            ]
        },
        "delimiter": ";",
        "delimiterLen": 1
    },
    "parser": {
        "@type": "PhpMyAdmin\\SqlParser\\Parser",
        "strict": false,
        "errors": [],
        "list": {
            "@type": "@1"
        },
        "statements": [
            {
                "@type": "PhpMyAdmin\\SqlParser\\Statements\\CreateStatement",
                "name": {
                    "@type": "PhpMyAdmin\\SqlParser\\Components\\Expression",
                    "database": null,
                    "table": "test",
                    "column": null,
                    "expr": "test",
                    "alias": null,
                    "function": null,
                    "subquery": null
                },
                "entityOptions": {
                    "@type": "PhpMyAdmin\\SqlParser\\Components\\OptionsArray",
                    "options": []
                },
                "fields": null,
                "with": null,
                "select": null,
                "like": null,
                "partitionBy": null,
                "partitionsNum": null,
                "subpartitionBy": null,
                "subpartitionsNum": null,
                "partitions": null,
                "table": null,
                "return": null,
                "parameters": [],
                "body": [],
                "options": {
                    "@type": "PhpMyAdmin\\SqlParser\\Components\\OptionsArray",
                    "options": {
                        "6": "FUNCTION"
                    }
                },
                "first": 0,
                "last": 11
            }
        ],
        "brackets": 0
    },
    "errors": {
        "lexer": [],
        "parser": []
    }
}