{
    "query": "LOAD DATA INFILE '/tmp/test.txt'  REPLACE INTO TABLE test COLUMNS TERMINATED BY ',' IGNORE 1 ROWS;",
    "lexer": {
        "@type": "PhpMyAdmin\\SqlParser\\Lexer",
        "strict": false,
        "errors": [],
        "str": "LOAD DATA INFILE '/tmp/test.txt'  REPLACE INTO TABLE test COLUMNS TERMINATED BY ',' IGNORE 1 ROWS;",
        "len": 98,
        "last": 98,
        "list": {
            "@type": "PhpMyAdmin\\SqlParser\\TokensList",
            "count": 27,
            "idx": 27,
            "tokens": [
                {
                    "@type": "PhpMyAdmin\\SqlParser\\Token",
                    "token": "LOAD DATA",
                    "value": "LOAD DATA",
                    "keyword": "LOAD DATA",
                    "type": {
                        "@type": "PhpMyAdmin\\SqlParser\\TokenType",
                        "name": "Keyword",
                        "value": 1
                    },
                    "flags": 7,
                    "position": 0
                },
                {
                    "@type": "PhpMyAdmin\\SqlParser\\Token",
                    "token": " ",
                    "value": " ",
                    "keyword": null,
                    "type": {
                        "@type": "PhpMyAdmin\\SqlParser\\TokenType",
                        "name": "Whitespace",
                        "value": 3
                    },
                    "flags": 0,
                    "position": 9
                },
                {
                    "@type": "PhpMyAdmin\\SqlParser\\Token",
                    "token": "INFILE",
                    "value": "INFILE",
                    "keyword": "INFILE",
                    "type": {
                        "@type": "@3"
                    },
                    "flags": 3,
                    "position": 10
                },
                {
                    "@type": "PhpMyAdmin\\SqlParser\\Token",
                    "token": " ",
                    "value": " ",
                    "keyword": null,
                    "type": {
                        "@type": "@5"
                    },
                    "flags": 0,
                    "position": 16
                },
                {
                    "@type": "PhpMyAdmin\\SqlParser\\Token",
                    "token": "'/tmp/test.txt'",
                    "value": "/tmp/test.txt",
                    "keyword": null,
                    "type": {
                        "@type": "PhpMyAdmin\\SqlParser\\TokenType",
                        "name": "String",
                        "value": 7
                    },
                    "flags": 1,
                    "position": 17
                },
                {
                    "@type": "PhpMyAdmin\\SqlParser\\Token",
                    "token": "  ",
                    "value": " ",
                    "keyword": null,
                    "type": {
                        "@type": "@5"
                    },
                    "flags": 0,
                    "position": 32
                },
                {
                    "@type": "PhpMyAdmin\\SqlParser\\Token",
                    "token": "REPLACE",
                    "value": "REPLACE",
                    "keyword": "REPLACE",
                    "type": {
                        "@type": "@3"
                    },
                    "flags": 35,
                    "position": 34
                },
                {
                    "@type": "PhpMyAdmin\\SqlParser\\Token",
                    "token": " ",
                    "value": " ",
                    "keyword": null,
                    "type": {
                        "@type": "@5"
                    },
                    "flags": 0,
                    "position": 41
                },
                {
                    "@type": "PhpMyAdmin\\SqlParser\\Token",
                    "token": "INTO",
                    "value": "INTO",
                    "keyword": "INTO",
                    "type": {
                        "@type": "@3"
                    },
                    "flags": 3,
                    "position": 42
                },
                {
                    "@type": "PhpMyAdmin\\SqlParser\\Token",
                    "token": " ",
                    "value": " ",
                    "keyword": null,
                    "type": {
                        "@type": "@5"
                    },
                    "flags": 0,
                    "position": 46
                },
                {
                    "@type": "PhpMyAdmin\\SqlParser\\Token",
                    "token": "TABLE",
                    "value": "TABLE",
                    "keyword": "TABLE",
                    "type": {
                        "@type": "@3"
                    },
                    "flags": 3,
                    "position": 47
                },
                {
                    "@type": "PhpMyAdmin\\SqlParser\\Token",
                    "token": " ",
                    "value": " ",
                    "keyword": null,
                    "type": {
                        "@type": "@5"
                    },
                    "flags": 0,
                    "position": 52
                },
                {
                    "@type": "PhpMyAdmin\\SqlParser\\Token",
                    "token": "test",
                    "value": "test",
                    "keyword": null,
                    "type": {
                        "@type": "PhpMyAdmin\\SqlParser\\TokenType",
                        "name": "None",
                        "value": 0
                    },
                    "flags": 0,
                    "position": 53
                },
                {
                    "@type": "PhpMyAdmin\\SqlParser\\Token",
                    "token": " ",
                    "value": " ",
                    "keyword": null,
                    "type": {
                        "@type": "@5"
                    },
                    "flags": 0,
                    "position": 57
                },
                {
                    "@type": "PhpMyAdmin\\SqlParser\\Token",
                    "token": "COLUMNS",
                    "value": "COLUMNS",
                    "keyword": "COLUMNS",
                    "type": {
                        "@type": "@3"
                    },
                    "flags": 1,
                    "position": 58
                },
                {
                    "@type": "PhpMyAdmin\\SqlParser\\Token",
                    "token": " ",
                    "value": " ",
                    "keyword": null,
                    "type": {
                        "@type": "@5"
                    },
                    "flags": 0,
                    "position": 65
                },
                {
                    "@type": "PhpMyAdmin\\SqlParser\\Token",
                    "token": "TERMINATED BY",
                    "value": "TERMINATED BY",
                    "keyword": "TERMINATED BY",
                    "type": {
                        "@type": "@3"
                    },
                    "flags": 7,
                    "position": 66
                },
                {
                    "@type": "PhpMyAdmin\\SqlParser\\Token",
                    "token": " ",
                    "value": " ",
                    "keyword": null,
                    "type": {
                        "@type": "@5"
                    },
                    "flags": 0,
                    "position": 79
                },
                {
                    "@type": "PhpMyAdmin\\SqlParser\\Token",
                    "token": "','",
                    "value": ",",
                    "keyword": null,
                    "type": {
                        "@type": "@9"
                    },
                    "flags": 1,
                    "position": 80
                },
                {
                    "@type": "PhpMyAdmin\\SqlParser\\Token",
                    "token": " ",
                    "value": " ",
                    "keyword": null,
                    "type": {
                        "@type": "@5"
                    },
                    "flags": 0,
                    "position": 83
                },
                {
                    "@type": "PhpMyAdmin\\SqlParser\\Token",
                    "token": "IGNORE",
                    "value": "IGNORE",
                    "keyword": "IGNORE",
                    "type": {
                        "@type": "@3"
                    },
                    "flags": 3,
                    "position": 84
                },
                {
                    "@type": "PhpMyAdmin\\SqlParser\\Token",
                    "token": " ",
                    "value": " ",
                    "keyword": null,
                    "type": {
                        "@type": "@5"
                    },
                    "flags": 0,
                    "position": 90
                },
                {
                    "@type": "PhpMyAdmin\\SqlParser\\Token",
                    "token": "1",
                    "value": 1,
                    "keyword": null,
                    "type": {
                        "@type": "PhpMyAdmin\\SqlParser\\TokenType",
                        "name": "Number",
                        "value": 6
                    },
                    "flags": 0,
                    "position": 91
                },
                {
                    "@type": "PhpMyAdmin\\SqlParser\\Token",
                    "token": " ",
                    "value": " ",
                    "keyword": null,
                    "type": {
                        "@type": "@5"
                    },
                    "flags": 0,
                    "position": 92
                },
                {
                    "@type": "PhpMyAdmin\\SqlParser\\Token",
                    "token": "ROWS",
                    "value": "ROWS",
                    "keyword": "ROWS",
                    "type": {
                        "@type": "@3"
                    },
                    "flags": 1,
                    "position": 93
                },
                {
                    "@type": "PhpMyAdmin\\SqlParser\\Token",
                    "token": ";",
                    "value": ";",
                    "keyword": null,
                    "type": {
                        "@type": "PhpMyAdmin\\SqlParser\\TokenType",
                        "name": "Delimiter",
                        "value": 9
                    },
                    "flags": 0,
                    "position": 97
                },
                {
                    "@type": "PhpMyAdmin\\SqlParser\\Token",
                    "token": "",
                    "value": "",
                    "keyword": null,
                    "type": {
                        "@type": "@33"
                    },
                    "flags": 0,
                    "position": null
                }
            ]
        },
        "delimiter": ";",
        "delimiterLen": 1
    },
    "parser": {
        "@type": "PhpMyAdmin\\SqlParser\\Parser",
        "strict": false,
        "errors": [],
        "list": {
            "@type": "@1"
        },
        "statements": [
            {
                "@type": "PhpMyAdmin\\SqlParser\\Statements\\LoadStatement",
                "fileName": {
                    "@type": "PhpMyAdmin\\SqlParser\\Components\\Expression",
                    "database": null,
                    "table": null,
                    "column": null,
                    "expr": "'/tmp/test.txt'",
                    "alias": null,
                    "function": null,
                    "subquery": null,
                    "file": "/tmp/test.txt"
                },
                "table": {
                    "@type": "PhpMyAdmin\\SqlParser\\Components\\Expression",
                    "database": null,
                    "table": "test",
                    "column": null,
                    "expr": "test",
                    "alias": null,
                    "function": null,
                    "subquery": null
                },
                "partition": null,
                "charsetName": null,
                "fieldsOptions": {
                    "@type": "PhpMyAdmin\\SqlParser\\Components\\OptionsArray",
                    "options": {
                        "1": {
                            "name": "TERMINATED BY",
                            "equals": false,
                            "expr": {
                                "@type": "PhpMyAdmin\\SqlParser\\Components\\Expression",
                                "database": null,
                                "table": null,
                                "column": ",",
                                "expr": "','",
                                "alias": null,
                                "function": null,
                                "subquery": null
                            },
                            "value": "','"
                        }
                    }
                },
                "fieldsKeyword": "COLUMNS",
                "linesOptions": null,
                "columnNamesOrUserVariables": null,
                "set": null,
                "ignoreNumber": {
                    "@type": "PhpMyAdmin\\SqlParser\\Components\\Expression",
                    "database": null,
                    "table": null,
                    "column": null,
                    "expr": "1",
                    "alias": null,
                    "function": null,
                    "subquery": null
                },
                "replaceIgnore": "REPLACE",
                "linesRows": "ROWS",
                "options": {
                    "@type": "PhpMyAdmin\\SqlParser\\Components\\OptionsArray",
                    "options": []
                },
                "first": 0,
                "last": 25
            }
        ],
        "brackets": 0
    },
    "errors": {
        "lexer": [],
        "parser": []
    }
}