{
    "query": "LOAD DATA CONCURRENT ABC 'employee1.txt' INTO TABLE employee;",
    "lexer": {
        "@type": "PhpMyAdmin\\SqlParser\\Lexer",
        "str": "LOAD DATA CONCURRENT ABC 'employee1.txt' INTO TABLE employee;",
        "len": 61,
        "last": 61,
        "list": {
            "@type": "PhpMyAdmin\\SqlParser\\TokensList",
            "count": 15,
            "idx": 15,
            "tokens": [
                {
                    "@type": "PhpMyAdmin\\SqlParser\\Token",
                    "token": "LOAD DATA",
                    "value": "LOAD DATA",
                    "keyword": "LOAD DATA",
                    "type": {
                        "@type": "PhpMyAdmin\\SqlParser\\TokenType",
                        "name": "Keyword",
                        "value": 1
                    },
                    "flags": 7,
                    "position": 0
                },
                {
                    "@type": "PhpMyAdmin\\SqlParser\\Token",
                    "token": " ",
                    "value": " ",
                    "keyword": null,
                    "type": {
                        "@type": "PhpMyAdmin\\SqlParser\\TokenType",
                        "name": "Whitespace",
                        "value": 3
                    },
                    "flags": 0,
                    "position": 9
                },
                {
                    "@type": "PhpMyAdmin\\SqlParser\\Token",
                    "token": "CONCURRENT",
                    "value": "CONCURRENT",
                    "keyword": "CONCURRENT",
                    "type": {
                        "@type": "@3"
                    },
                    "flags": 1,
                    "position": 10
                },
                {
                    "@type": "PhpMyAdmin\\SqlParser\\Token",
                    "token": " ",
                    "value": " ",
                    "keyword": null,
                    "type": {
                        "@type": "@5"
                    },
                    "flags": 0,
                    "position": 20
                },
                {
                    "@type": "PhpMyAdmin\\SqlParser\\Token",
                    "token": "ABC",
                    "value": "ABC",
                    "keyword": null,
                    "type": {
                        "@type": "PhpMyAdmin\\SqlParser\\TokenType",
                        "name": "None",
                        "value": 0
                    },
                    "flags": 0,
                    "position": 21
                },
                {
                    "@type": "PhpMyAdmin\\SqlParser\\Token",
                    "token": " ",
                    "value": " ",
                    "keyword": null,
                    "type": {
                        "@type": "@5"
                    },
                    "flags": 0,
                    "position": 24
                },
                {
                    "@type": "PhpMyAdmin\\SqlParser\\Token",
                    "token": "'employee1.txt'",
                    "value": "employee1.txt",
                    "keyword": null,
                    "type": {
                        "@type": "PhpMyAdmin\\SqlParser\\TokenType",
                        "name": "String",
                        "value": 7
                    },
                    "flags": 1,
                    "position": 25
                },
                {
                    "@type": "PhpMyAdmin\\SqlParser\\Token",
                    "token": " ",
                    "value": " ",
                    "keyword": null,
                    "type": {
                        "@type": "@5"
                    },
                    "flags": 0,
                    "position": 40
                },
                {
                    "@type": "PhpMyAdmin\\SqlParser\\Token",
                    "token": "INTO",
                    "value": "INTO",
                    "keyword": "INTO",
                    "type": {
                        "@type": "@3"
                    },
                    "flags": 3,
                    "position": 41
                },
                {
                    "@type": "PhpMyAdmin\\SqlParser\\Token",
                    "token": " ",
                    "value": " ",
                    "keyword": null,
                    "type": {
                        "@type": "@5"
                    },
                    "flags": 0,
                    "position": 45
                },
                {
                    "@type": "PhpMyAdmin\\SqlParser\\Token",
                    "token": "TABLE",
                    "value": "TABLE",
                    "keyword": "TABLE",
                    "type": {
                        "@type": "@3"
                    },
                    "flags": 3,
                    "position": 46
                },
                {
                    "@type": "PhpMyAdmin\\SqlParser\\Token",
                    "token": " ",
                    "value": " ",
                    "keyword": null,
                    "type": {
                        "@type": "@5"
                    },
                    "flags": 0,
                    "position": 51
                },
                {
                    "@type": "PhpMyAdmin\\SqlParser\\Token",
                    "token": "employee",
                    "value": "employee",
                    "keyword": null,
                    "type": {
                        "@type": "@9"
                    },
                    "flags": 0,
                    "position": 52
                },
                {
                    "@type": "PhpMyAdmin\\SqlParser\\Token",
                    "token": ";",
                    "value": ";",
                    "keyword": null,
                    "type": {
                        "@type": "PhpMyAdmin\\SqlParser\\TokenType",
                        "name": "Delimiter",
                        "value": 9
                    },
                    "flags": 0,
                    "position": 60
                },
                {
                    "@type": "PhpMyAdmin\\SqlParser\\Token",
                    "token": null,
                    "value": null,
                    "keyword": null,
                    "type": {
                        "@type": "@20"
                    },
                    "flags": 0,
                    "position": null
                }
            ]
        },
        "delimiter": ";",
        "delimiterLen": 1,
        "strict": false,
        "errors": []
    },
    "parser": {
        "@type": "PhpMyAdmin\\SqlParser\\Parser",
        "list": {
            "@type": "@1"
        },
        "statements": [
            {
                "@type": "PhpMyAdmin\\SqlParser\\Statements\\LoadStatement",
                "fileName": null,
                "table": null,
                "partition": null,
                "charsetName": null,
                "fieldsOptions": null,
                "fieldsKeyword": null,
                "linesOptions": null,
                "columnNamesOrUserVariables": null,
                "set": null,
                "ignoreNumber": null,
                "replaceIgnore": null,
                "linesRows": null,
                "options": {
                    "@type": "PhpMyAdmin\\SqlParser\\Components\\OptionsArray",
                    "options": {
                        "1": "CONCURRENT"
                    }
                },
                "first": 0,
                "last": 3
            }
        ],
        "brackets": 0,
        "strict": false,
        "errors": []
    },
    "errors": {
        "lexer": [],
        "parser": [
            [
                "Unexpected token.",
                {
                    "@type": "@8"
                },
                0
            ],
            [
                "Unexpected beginning of statement.",
                {
                    "@type": "@8"
                },
                0
            ],
            [
                "Unexpected beginning of statement.",
                {
                    "@type": "@11"
                },
                0
            ],
            [
                "Unrecognized statement type.",
                {
                    "@type": "@14"
                },
                0
            ]
        ]
    }
}