{
    "query": "COMMIT;",
    "lexer": {
        "@type": "PhpMyAdmin\\SqlParser\\Lexer",
        "strict": false,
        "errors": [],
        "str": "COMMIT;",
        "len": 7,
        "last": 7,
        "list": {
            "@type": "PhpMyAdmin\\SqlParser\\TokensList",
            "count": 3,
            "idx": 3,
            "tokens": [
                {
                    "@type": "PhpMyAdmin\\SqlParser\\Token",
                    "token": "COMMIT",
                    "value": "COMMIT",
                    "keyword": "COMMIT",
                    "type": {
                        "@type": "PhpMyAdmin\\SqlParser\\TokenType",
                        "name": "Keyword",
                        "value": 1
                    },
                    "flags": 1,
                    "position": 0
                },
                {
                    "@type": "PhpMyAdmin\\SqlParser\\Token",
                    "token": ";",
                    "value": ";",
                    "keyword": null,
                    "type": {
                        "@type": "PhpMyAdmin\\SqlParser\\TokenType",
                        "name": "Delimiter",
                        "value": 9
                    },
                    "flags": 0,
                    "position": 6
                },
                {
                    "@type": "PhpMyAdmin\\SqlParser\\Token",
                    "token": "",
                    "value": "",
                    "keyword": null,
                    "type": {
                        "@type": "@5"
                    },
                    "flags": 0,
                    "position": null
                }
            ]
        },
        "delimiter": ";",
        "delimiterLen": 1
    },
    "parser": {
        "@type": "PhpMyAdmin\\SqlParser\\Parser",
        "strict": false,
        "errors": [],
        "list": {
            "@type": "@1"
        },
        "statements": [
            {
                "@type": "PhpMyAdmin\\SqlParser\\Statements\\TransactionStatement",
                "type": 2,
                "statements": null,
                "end": null,
                "options": {
                    "@type": "PhpMyAdmin\\SqlParser\\Components\\OptionsArray",
                    "options": {
                        "1": "COMMIT"
                    }
                },
                "first": 0,
                "last": 0
            }
        ],
        "brackets": 0
    },
    "errors": {
        "lexer": [],
        "parser": [
            [
                "No transaction was previously started.",
                {
                    "@type": "@2"
                },
                0
            ]
        ]
    }
}