{
    "query": "-- extraneous comma\nLOCK TABLES table1 READ LOCAL,",
    "lexer": {
        "@type": "PhpMyAdmin\\SqlParser\\Lexer",
        "strict": false,
        "errors": [],
        "str": "-- extraneous comma\nLOCK TABLES table1 READ LOCAL,",
        "len": 50,
        "last": 50,
        "list": {
            "@type": "PhpMyAdmin\\SqlParser\\TokensList",
            "count": 13,
            "idx": 13,
            "tokens": [
                {
                    "@type": "PhpMyAdmin\\SqlParser\\Token",
                    "token": "-- extraneous comma",
                    "value": "-- extraneous comma",
                    "keyword": null,
                    "type": {
                        "@type": "PhpMyAdmin\\SqlParser\\TokenType",
                        "name": "Comment",
                        "value": 4
                    },
                    "flags": 4,
                    "position": 0
                },
                {
                    "@type": "PhpMyAdmin\\SqlParser\\Token",
                    "token": "\n",
                    "value": " ",
                    "keyword": null,
                    "type": {
                        "@type": "PhpMyAdmin\\SqlParser\\TokenType",
                        "name": "Whitespace",
                        "value": 3
                    },
                    "flags": 0,
                    "position": 19
                },
                {
                    "@type": "PhpMyAdmin\\SqlParser\\Token",
                    "token": "LOCK",
                    "value": "LOCK",
                    "keyword": "LOCK",
                    "type": {
                        "@type": "PhpMyAdmin\\SqlParser\\TokenType",
                        "name": "Keyword",
                        "value": 1
                    },
                    "flags": 3,
                    "position": 20
                },
                {
                    "@type": "PhpMyAdmin\\SqlParser\\Token",
                    "token": " ",
                    "value": " ",
                    "keyword": null,
                    "type": {
                        "@type": "@5"
                    },
                    "flags": 0,
                    "position": 24
                },
                {
                    "@type": "PhpMyAdmin\\SqlParser\\Token",
                    "token": "TABLES",
                    "value": "TABLES",
                    "keyword": "TABLES",
                    "type": {
                        "@type": "@7"
                    },
                    "flags": 1,
                    "position": 25
                },
                {
                    "@type": "PhpMyAdmin\\SqlParser\\Token",
                    "token": " ",
                    "value": " ",
                    "keyword": null,
                    "type": {
                        "@type": "@5"
                    },
                    "flags": 0,
                    "position": 31
                },
                {
                    "@type": "PhpMyAdmin\\SqlParser\\Token",
                    "token": "table1",
                    "value": "table1",
                    "keyword": null,
                    "type": {
                        "@type": "PhpMyAdmin\\SqlParser\\TokenType",
                        "name": "None",
                        "value": 0
                    },
                    "flags": 0,
                    "position": 32
                },
                {
                    "@type": "PhpMyAdmin\\SqlParser\\Token",
                    "token": " ",
                    "value": " ",
                    "keyword": null,
                    "type": {
                        "@type": "@5"
                    },
                    "flags": 0,
                    "position": 38
                },
                {
                    "@type": "PhpMyAdmin\\SqlParser\\Token",
                    "token": "READ",
                    "value": "READ",
                    "keyword": "READ",
                    "type": {
                        "@type": "@7"
                    },
                    "flags": 3,
                    "position": 39
                },
                {
                    "@type": "PhpMyAdmin\\SqlParser\\Token",
                    "token": " ",
                    "value": " ",
                    "keyword": null,
                    "type": {
                        "@type": "@5"
                    },
                    "flags": 0,
                    "position": 43
                },
                {
                    "@type": "PhpMyAdmin\\SqlParser\\Token",
                    "token": "LOCAL",
                    "value": "LOCAL",
                    "keyword": "LOCAL",
                    "type": {
                        "@type": "@7"
                    },
                    "flags": 1,
                    "position": 44
                },
                {
                    "@type": "PhpMyAdmin\\SqlParser\\Token",
                    "token": ",",
                    "value": ",",
                    "keyword": null,
                    "type": {
                        "@type": "PhpMyAdmin\\SqlParser\\TokenType",
                        "name": "Operator",
                        "value": 2
                    },
                    "flags": 16,
                    "position": 49
                },
                {
                    "@type": "PhpMyAdmin\\SqlParser\\Token",
                    "token": "",
                    "value": "",
                    "keyword": null,
                    "type": {
                        "@type": "PhpMyAdmin\\SqlParser\\TokenType",
                        "name": "Delimiter",
                        "value": 9
                    },
                    "flags": 0,
                    "position": null
                }
            ]
        },
        "delimiter": ";",
        "delimiterLen": 1
    },
    "parser": {
        "@type": "PhpMyAdmin\\SqlParser\\Parser",
        "strict": false,
        "errors": [],
        "list": {
            "@type": "@1"
        },
        "statements": [
            {
                "@type": "PhpMyAdmin\\SqlParser\\Statements\\LockStatement",
                "locked": [
                    {
                        "@type": "PhpMyAdmin\\SqlParser\\Components\\LockExpression",
                        "table": {
                            "@type": "PhpMyAdmin\\SqlParser\\Components\\Expression",
                            "database": null,
                            "table": "table1",
                            "column": null,
                            "expr": "table1",
                            "alias": null,
                            "function": null,
                            "subquery": null
                        },
                        "type": "READ LOCAL"
                    }
                ],
                "isLock": true,
                "options": null,
                "first": 0,
                "last": 12
            }
        ],
        "brackets": 0
    },
    "errors": {
        "lexer": [],
        "parser": [
            [
                "Unexpected end of LOCK statement.",
                {
                    "@type": "@17"
                },
                0
            ]
        ]
    }
}