{
    "query": "CREATE TRIGGER ins_sum BEFORE INSERT ON account\nFOR EACH ROW BEGIN SET @sum = @sum + NEW.amount END",
    "lexer": {
        "@type": "PhpMyAdmin\\SqlParser\\Lexer",
        "strict": false,
        "errors": [],
        "str": "CREATE TRIGGER ins_sum BEFORE INSERT ON account\nFOR EACH ROW BEGIN SET @sum = @sum + NEW.amount END",
        "len": 99,
        "last": 99,
        "list": {
            "@type": "PhpMyAdmin\\SqlParser\\TokensList",
            "count": 34,
            "idx": 34,
            "tokens": [
                {
                    "@type": "PhpMyAdmin\\SqlParser\\Token",
                    "token": "CREATE",
                    "value": "CREATE",
                    "keyword": "CREATE",
                    "type": {
                        "@type": "PhpMyAdmin\\SqlParser\\TokenType",
                        "name": "Keyword",
                        "value": 1
                    },
                    "flags": 3,
                    "position": 0
                },
                {
                    "@type": "PhpMyAdmin\\SqlParser\\Token",
                    "token": " ",
                    "value": " ",
                    "keyword": null,
                    "type": {
                        "@type": "PhpMyAdmin\\SqlParser\\TokenType",
                        "name": "Whitespace",
                        "value": 3
                    },
                    "flags": 0,
                    "position": 6
                },
                {
                    "@type": "PhpMyAdmin\\SqlParser\\Token",
                    "token": "TRIGGER",
                    "value": "TRIGGER",
                    "keyword": "TRIGGER",
                    "type": {
                        "@type": "@3"
                    },
                    "flags": 3,
                    "position": 7
                },
                {
                    "@type": "PhpMyAdmin\\SqlParser\\Token",
                    "token": " ",
                    "value": " ",
                    "keyword": null,
                    "type": {
                        "@type": "@5"
                    },
                    "flags": 0,
                    "position": 14
                },
                {
                    "@type": "PhpMyAdmin\\SqlParser\\Token",
                    "token": "ins_sum",
                    "value": "ins_sum",
                    "keyword": null,
                    "type": {
                        "@type": "PhpMyAdmin\\SqlParser\\TokenType",
                        "name": "None",
                        "value": 0
                    },
                    "flags": 0,
                    "position": 15
                },
                {
                    "@type": "PhpMyAdmin\\SqlParser\\Token",
                    "token": " ",
                    "value": " ",
                    "keyword": null,
                    "type": {
                        "@type": "@5"
                    },
                    "flags": 0,
                    "position": 22
                },
                {
                    "@type": "PhpMyAdmin\\SqlParser\\Token",
                    "token": "BEFORE",
                    "value": "BEFORE",
                    "keyword": "BEFORE",
                    "type": {
                        "@type": "@3"
                    },
                    "flags": 3,
                    "position": 23
                },
                {
                    "@type": "PhpMyAdmin\\SqlParser\\Token",
                    "token": " ",
                    "value": " ",
                    "keyword": null,
                    "type": {
                        "@type": "@5"
                    },
                    "flags": 0,
                    "position": 29
                },
                {
                    "@type": "PhpMyAdmin\\SqlParser\\Token",
                    "token": "INSERT",
                    "value": "INSERT",
                    "keyword": "INSERT",
                    "type": {
                        "@type": "@3"
                    },
                    "flags": 35,
                    "position": 30
                },
                {
                    "@type": "PhpMyAdmin\\SqlParser\\Token",
                    "token": " ",
                    "value": " ",
                    "keyword": null,
                    "type": {
                        "@type": "@5"
                    },
                    "flags": 0,
                    "position": 36
                },
                {
                    "@type": "PhpMyAdmin\\SqlParser\\Token",
                    "token": "ON",
                    "value": "ON",
                    "keyword": "ON",
                    "type": {
                        "@type": "@3"
                    },
                    "flags": 3,
                    "position": 37
                },
                {
                    "@type": "PhpMyAdmin\\SqlParser\\Token",
                    "token": " ",
                    "value": " ",
                    "keyword": null,
                    "type": {
                        "@type": "@5"
                    },
                    "flags": 0,
                    "position": 39
                },
                {
                    "@type": "PhpMyAdmin\\SqlParser\\Token",
                    "token": "account",
                    "value": "account",
                    "keyword": "ACCOUNT",
                    "type": {
                        "@type": "@3"
                    },
                    "flags": 1,
                    "position": 40
                },
                {
                    "@type": "PhpMyAdmin\\SqlParser\\Token",
                    "token": "\n",
                    "value": " ",
                    "keyword": null,
                    "type": {
                        "@type": "@5"
                    },
                    "flags": 0,
                    "position": 47
                },
                {
                    "@type": "PhpMyAdmin\\SqlParser\\Token",
                    "token": "FOR EACH ROW",
                    "value": "FOR EACH ROW",
                    "keyword": "FOR EACH ROW",
                    "type": {
                        "@type": "@3"
                    },
                    "flags": 7,
                    "position": 48
                },
                {
                    "@type": "PhpMyAdmin\\SqlParser\\Token",
                    "token": " ",
                    "value": " ",
                    "keyword": null,
                    "type": {
                        "@type": "@5"
                    },
                    "flags": 0,
                    "position": 60
                },
                {
                    "@type": "PhpMyAdmin\\SqlParser\\Token",
                    "token": "BEGIN",
                    "value": "BEGIN",
                    "keyword": "BEGIN",
                    "type": {
                        "@type": "@3"
                    },
                    "flags": 1,
                    "position": 61
                },
                {
                    "@type": "PhpMyAdmin\\SqlParser\\Token",
                    "token": " ",
                    "value": " ",
                    "keyword": null,
                    "type": {
                        "@type": "@5"
                    },
                    "flags": 0,
                    "position": 66
                },
                {
                    "@type": "PhpMyAdmin\\SqlParser\\Token",
                    "token": "SET",
                    "value": "SET",
                    "keyword": "SET",
                    "type": {
                        "@type": "@3"
                    },
                    "flags": 11,
                    "position": 67
                },
                {
                    "@type": "PhpMyAdmin\\SqlParser\\Token",
                    "token": " ",
                    "value": " ",
                    "keyword": null,
                    "type": {
                        "@type": "@5"
                    },
                    "flags": 0,
                    "position": 70
                },
                {
                    "@type": "PhpMyAdmin\\SqlParser\\Token",
                    "token": "@sum",
                    "value": "sum",
                    "keyword": null,
                    "type": {
                        "@type": "PhpMyAdmin\\SqlParser\\TokenType",
                        "name": "Symbol",
                        "value": 8
                    },
                    "flags": 1,
                    "position": 71
                },
                {
                    "@type": "PhpMyAdmin\\SqlParser\\Token",
                    "token": " ",
                    "value": " ",
                    "keyword": null,
                    "type": {
                        "@type": "@5"
                    },
                    "flags": 0,
                    "position": 75
                },
                {
                    "@type": "PhpMyAdmin\\SqlParser\\Token",
                    "token": "=",
                    "value": "=",
                    "keyword": null,
                    "type": {
                        "@type": "PhpMyAdmin\\SqlParser\\TokenType",
                        "name": "Operator",
                        "value": 2
                    },
                    "flags": 2,
                    "position": 76
                },
                {
                    "@type": "PhpMyAdmin\\SqlParser\\Token",
                    "token": " ",
                    "value": " ",
                    "keyword": null,
                    "type": {
                        "@type": "@5"
                    },
                    "flags": 0,
                    "position": 77
                },
                {
                    "@type": "PhpMyAdmin\\SqlParser\\Token",
                    "token": "@sum",
                    "value": "sum",
                    "keyword": null,
                    "type": {
                        "@type": "@26"
                    },
                    "flags": 1,
                    "position": 78
                },
                {
                    "@type": "PhpMyAdmin\\SqlParser\\Token",
                    "token": " ",
                    "value": " ",
                    "keyword": null,
                    "type": {
                        "@type": "@5"
                    },
                    "flags": 0,
                    "position": 82
                },
                {
                    "@type": "PhpMyAdmin\\SqlParser\\Token",
                    "token": "+",
                    "value": "+",
                    "keyword": null,
                    "type": {
                        "@type": "@29"
                    },
                    "flags": 1,
                    "position": 83
                },
                {
                    "@type": "PhpMyAdmin\\SqlParser\\Token",
                    "token": " ",
                    "value": " ",
                    "keyword": null,
                    "type": {
                        "@type": "@5"
                    },
                    "flags": 0,
                    "position": 84
                },
                {
                    "@type": "PhpMyAdmin\\SqlParser\\Token",
                    "token": "NEW",
                    "value": "NEW",
                    "keyword": "NEW",
                    "type": {
                        "@type": "@3"
                    },
                    "flags": 1,
                    "position": 85
                },
                {
                    "@type": "PhpMyAdmin\\SqlParser\\Token",
                    "token": ".",
                    "value": ".",
                    "keyword": null,
                    "type": {
                        "@type": "@29"
                    },
                    "flags": 16,
                    "position": 88
                },
                {
                    "@type": "PhpMyAdmin\\SqlParser\\Token",
                    "token": "amount",
                    "value": "amount",
                    "keyword": null,
                    "type": {
                        "@type": "@9"
                    },
                    "flags": 0,
                    "position": 89
                },
                {
                    "@type": "PhpMyAdmin\\SqlParser\\Token",
                    "token": " ",
                    "value": " ",
                    "keyword": null,
                    "type": {
                        "@type": "@5"
                    },
                    "flags": 0,
                    "position": 95
                },
                {
                    "@type": "PhpMyAdmin\\SqlParser\\Token",
                    "token": "END",
                    "value": "END",
                    "keyword": "END",
                    "type": {
                        "@type": "@3"
                    },
                    "flags": 1,
                    "position": 96
                },
                {
                    "@type": "PhpMyAdmin\\SqlParser\\Token",
                    "token": "",
                    "value": "",
                    "keyword": null,
                    "type": {
                        "@type": "PhpMyAdmin\\SqlParser\\TokenType",
                        "name": "Delimiter",
                        "value": 9
                    },
                    "flags": 0,
                    "position": null
                }
            ]
        },
        "delimiter": ";",
        "delimiterLen": 1
    },
    "parser": {
        "@type": "PhpMyAdmin\\SqlParser\\Parser",
        "strict": false,
        "errors": [],
        "list": {
            "@type": "@1"
        },
        "statements": [
            {
                "@type": "PhpMyAdmin\\SqlParser\\Statements\\CreateStatement",
                "name": {
                    "@type": "PhpMyAdmin\\SqlParser\\Components\\Expression",
                    "database": null,
                    "table": "ins_sum",
                    "column": null,
                    "expr": "ins_sum",
                    "alias": null,
                    "function": null,
                    "subquery": null
                },
                "entityOptions": {
                    "@type": "PhpMyAdmin\\SqlParser\\Components\\OptionsArray",
                    "options": {
                        "1": "BEFORE",
                        "2": "INSERT"
                    }
                },
                "fields": null,
                "with": null,
                "select": null,
                "like": null,
                "partitionBy": null,
                "partitionsNum": null,
                "subpartitionBy": null,
                "subpartitionsNum": null,
                "partitions": null,
                "table": {
                    "@type": "PhpMyAdmin\\SqlParser\\Components\\Expression",
                    "database": null,
                    "table": "account",
                    "column": null,
                    "expr": "account",
                    "alias": null,
                    "function": null,
                    "subquery": null
                },
                "return": null,
                "parameters": null,
                "body": [
                    {
                        "@type": "@21"
                    },
                    {
                        "@type": "@22"
                    },
                    {
                        "@type": "@23"
                    },
                    {
                        "@type": "@24"
                    },
                    {
                        "@type": "@25"
                    },
                    {
                        "@type": "@27"
                    },
                    {
                        "@type": "@28"
                    },
                    {
                        "@type": "@30"
                    },
                    {
                        "@type": "@31"
                    },
                    {
                        "@type": "@32"
                    },
                    {
                        "@type": "@33"
                    },
                    {
                        "@type": "@34"
                    },
                    {
                        "@type": "@35"
                    },
                    {
                        "@type": "@36"
                    },
                    {
                        "@type": "@37"
                    },
                    {
                        "@type": "@38"
                    },
                    {
                        "@type": "@39"
                    }
                ],
                "options": {
                    "@type": "PhpMyAdmin\\SqlParser\\Components\\OptionsArray",
                    "options": {
                        "6": "TRIGGER"
                    }
                },
                "first": 0,
                "last": 33
            }
        ],
        "brackets": 0
    },
    "errors": {
        "lexer": [],
        "parser": []
    }
}