{
    "query": "SELECT * FROM address FORCE INDEX FOR abc (idx_fk_city_id);",
    "lexer": {
        "@type": "PhpMyAdmin\\SqlParser\\Lexer",
        "strict": false,
        "errors": [],
        "str": "SELECT * FROM address FORCE INDEX FOR abc (idx_fk_city_id);",
        "len": 59,
        "last": 59,
        "list": {
            "@type": "PhpMyAdmin\\SqlParser\\TokensList",
            "count": 21,
            "idx": 21,
            "tokens": [
                {
                    "@type": "PhpMyAdmin\\SqlParser\\Token",
                    "token": "SELECT",
                    "value": "SELECT",
                    "keyword": "SELECT",
                    "type": {
                        "@type": "PhpMyAdmin\\SqlParser\\TokenType",
                        "name": "Keyword",
                        "value": 1
                    },
                    "flags": 3,
                    "position": 0
                },
                {
                    "@type": "PhpMyAdmin\\SqlParser\\Token",
                    "token": " ",
                    "value": " ",
                    "keyword": null,
                    "type": {
                        "@type": "PhpMyAdmin\\SqlParser\\TokenType",
                        "name": "Whitespace",
                        "value": 3
                    },
                    "flags": 0,
                    "position": 6
                },
                {
                    "@type": "PhpMyAdmin\\SqlParser\\Token",
                    "token": "*",
                    "value": "*",
                    "keyword": null,
                    "type": {
                        "@type": "PhpMyAdmin\\SqlParser\\TokenType",
                        "name": "Operator",
                        "value": 2
                    },
                    "flags": 16,
                    "position": 7
                },
                {
                    "@type": "PhpMyAdmin\\SqlParser\\Token",
                    "token": " ",
                    "value": " ",
                    "keyword": null,
                    "type": {
                        "@type": "@5"
                    },
                    "flags": 0,
                    "position": 8
                },
                {
                    "@type": "PhpMyAdmin\\SqlParser\\Token",
                    "token": "FROM",
                    "value": "FROM",
                    "keyword": "FROM",
                    "type": {
                        "@type": "@3"
                    },
                    "flags": 3,
                    "position": 9
                },
                {
                    "@type": "PhpMyAdmin\\SqlParser\\Token",
                    "token": " ",
                    "value": " ",
                    "keyword": null,
                    "type": {
                        "@type": "@5"
                    },
                    "flags": 0,
                    "position": 13
                },
                {
                    "@type": "PhpMyAdmin\\SqlParser\\Token",
                    "token": "address",
                    "value": "address",
                    "keyword": null,
                    "type": {
                        "@type": "PhpMyAdmin\\SqlParser\\TokenType",
                        "name": "None",
                        "value": 0
                    },
                    "flags": 0,
                    "position": 14
                },
                {
                    "@type": "PhpMyAdmin\\SqlParser\\Token",
                    "token": " ",
                    "value": " ",
                    "keyword": null,
                    "type": {
                        "@type": "@5"
                    },
                    "flags": 0,
                    "position": 21
                },
                {
                    "@type": "PhpMyAdmin\\SqlParser\\Token",
                    "token": "FORCE",
                    "value": "FORCE",
                    "keyword": "FORCE",
                    "type": {
                        "@type": "@3"
                    },
                    "flags": 3,
                    "position": 22
                },
                {
                    "@type": "PhpMyAdmin\\SqlParser\\Token",
                    "token": " ",
                    "value": " ",
                    "keyword": null,
                    "type": {
                        "@type": "@5"
                    },
                    "flags": 0,
                    "position": 27
                },
                {
                    "@type": "PhpMyAdmin\\SqlParser\\Token",
                    "token": "INDEX",
                    "value": "INDEX",
                    "keyword": "INDEX",
                    "type": {
                        "@type": "@3"
                    },
                    "flags": 19,
                    "position": 28
                },
                {
                    "@type": "PhpMyAdmin\\SqlParser\\Token",
                    "token": " ",
                    "value": " ",
                    "keyword": null,
                    "type": {
                        "@type": "@5"
                    },
                    "flags": 0,
                    "position": 33
                },
                {
                    "@type": "PhpMyAdmin\\SqlParser\\Token",
                    "token": "FOR",
                    "value": "FOR",
                    "keyword": "FOR",
                    "type": {
                        "@type": "@3"
                    },
                    "flags": 3,
                    "position": 34
                },
                {
                    "@type": "PhpMyAdmin\\SqlParser\\Token",
                    "token": " ",
                    "value": " ",
                    "keyword": null,
                    "type": {
                        "@type": "@5"
                    },
                    "flags": 0,
                    "position": 37
                },
                {
                    "@type": "PhpMyAdmin\\SqlParser\\Token",
                    "token": "abc",
                    "value": "abc",
                    "keyword": null,
                    "type": {
                        "@type": "@12"
                    },
                    "flags": 0,
                    "position": 38
                },
                {
                    "@type": "PhpMyAdmin\\SqlParser\\Token",
                    "token": " ",
                    "value": " ",
                    "keyword": null,
                    "type": {
                        "@type": "@5"
                    },
                    "flags": 0,
                    "position": 41
                },
                {
                    "@type": "PhpMyAdmin\\SqlParser\\Token",
                    "token": "(",
                    "value": "(",
                    "keyword": null,
                    "type": {
                        "@type": "@7"
                    },
                    "flags": 16,
                    "position": 42
                },
                {
                    "@type": "PhpMyAdmin\\SqlParser\\Token",
                    "token": "idx_fk_city_id",
                    "value": "idx_fk_city_id",
                    "keyword": null,
                    "type": {
                        "@type": "@12"
                    },
                    "flags": 0,
                    "position": 43
                },
                {
                    "@type": "PhpMyAdmin\\SqlParser\\Token",
                    "token": ")",
                    "value": ")",
                    "keyword": null,
                    "type": {
                        "@type": "@7"
                    },
                    "flags": 16,
                    "position": 57
                },
                {
                    "@type": "PhpMyAdmin\\SqlParser\\Token",
                    "token": ";",
                    "value": ";",
                    "keyword": null,
                    "type": {
                        "@type": "PhpMyAdmin\\SqlParser\\TokenType",
                        "name": "Delimiter",
                        "value": 9
                    },
                    "flags": 0,
                    "position": 58
                },
                {
                    "@type": "PhpMyAdmin\\SqlParser\\Token",
                    "token": null,
                    "value": null,
                    "keyword": null,
                    "type": {
                        "@type": "@26"
                    },
                    "flags": 0,
                    "position": null
                }
            ]
        },
        "delimiter": ";",
        "delimiterLen": 1
    },
    "parser": {
        "@type": "PhpMyAdmin\\SqlParser\\Parser",
        "strict": false,
        "errors": [],
        "list": {
            "@type": "@1"
        },
        "statements": [
            {
                "@type": "PhpMyAdmin\\SqlParser\\Statements\\SelectStatement",
                "expr": [
                    {
                        "@type": "PhpMyAdmin\\SqlParser\\Components\\Expression",
                        "database": null,
                        "table": null,
                        "column": null,
                        "expr": "*",
                        "alias": null,
                        "function": null,
                        "subquery": null
                    }
                ],
                "from": [
                    {
                        "@type": "PhpMyAdmin\\SqlParser\\Components\\Expression",
                        "database": null,
                        "table": "address",
                        "column": null,
                        "expr": "address",
                        "alias": null,
                        "function": null,
                        "subquery": null
                    }
                ],
                "indexHints": null,
                "partition": null,
                "where": null,
                "group": null,
                "groupOptions": null,
                "having": null,
                "order": null,
                "limit": null,
                "procedure": null,
                "into": null,
                "join": null,
                "union": [],
                "endOptions": null,
                "options": {
                    "@type": "PhpMyAdmin\\SqlParser\\Components\\OptionsArray",
                    "options": []
                },
                "first": 0,
                "last": 18,
                "index_hints": []
            }
        ],
        "brackets": 0
    },
    "errors": {
        "lexer": [],
        "parser": [
            [
                "Unexpected token.",
                {
                    "@type": "@20"
                },
                0
            ],
            [
                "Unexpected token.",
                {
                    "@type": "@22"
                },
                0
            ],
            [
                "Unexpected token.",
                {
                    "@type": "@23"
                },
                0
            ],
            [
                "Unexpected token.",
                {
                    "@type": "@24"
                },
                0
            ]
        ]
    }
}