{
    "query": "ALTER TABLE `transactions` RENAME INDEX `fk_transactions_catalog_entries1_idx` TO `fk_transactions_catalog_entries2_idx`",
    "lexer": {
        "@type": "PhpMyAdmin\\SqlParser\\Lexer",
        "strict": false,
        "errors": [],
        "str": "ALTER TABLE `transactions` RENAME INDEX `fk_transactions_catalog_entries1_idx` TO `fk_transactions_catalog_entries2_idx`",
        "len": 120,
        "last": 120,
        "list": {
            "@type": "PhpMyAdmin\\SqlParser\\TokensList",
            "count": 16,
            "idx": 16,
            "tokens": [
                {
                    "@type": "PhpMyAdmin\\SqlParser\\Token",
                    "token": "ALTER",
                    "value": "ALTER",
                    "keyword": "ALTER",
                    "type": {
                        "@type": "PhpMyAdmin\\SqlParser\\TokenType",
                        "name": "Keyword",
                        "value": 1
                    },
                    "flags": 3,
                    "position": 0
                },
                {
                    "@type": "PhpMyAdmin\\SqlParser\\Token",
                    "token": " ",
                    "value": " ",
                    "keyword": null,
                    "type": {
                        "@type": "PhpMyAdmin\\SqlParser\\TokenType",
                        "name": "Whitespace",
                        "value": 3
                    },
                    "flags": 0,
                    "position": 5
                },
                {
                    "@type": "PhpMyAdmin\\SqlParser\\Token",
                    "token": "TABLE",
                    "value": "TABLE",
                    "keyword": "TABLE",
                    "type": {
                        "@type": "@3"
                    },
                    "flags": 3,
                    "position": 6
                },
                {
                    "@type": "PhpMyAdmin\\SqlParser\\Token",
                    "token": " ",
                    "value": " ",
                    "keyword": null,
                    "type": {
                        "@type": "@5"
                    },
                    "flags": 0,
                    "position": 11
                },
                {
                    "@type": "PhpMyAdmin\\SqlParser\\Token",
                    "token": "`transactions`",
                    "value": "transactions",
                    "keyword": null,
                    "type": {
                        "@type": "PhpMyAdmin\\SqlParser\\TokenType",
                        "name": "Symbol",
                        "value": 8
                    },
                    "flags": 2,
                    "position": 12
                },
                {
                    "@type": "PhpMyAdmin\\SqlParser\\Token",
                    "token": " ",
                    "value": " ",
                    "keyword": null,
                    "type": {
                        "@type": "@5"
                    },
                    "flags": 0,
                    "position": 26
                },
                {
                    "@type": "PhpMyAdmin\\SqlParser\\Token",
                    "token": "RENAME",
                    "value": "RENAME",
                    "keyword": "RENAME",
                    "type": {
                        "@type": "@3"
                    },
                    "flags": 3,
                    "position": 27
                },
                {
                    "@type": "PhpMyAdmin\\SqlParser\\Token",
                    "token": " ",
                    "value": " ",
                    "keyword": null,
                    "type": {
                        "@type": "@5"
                    },
                    "flags": 0,
                    "position": 33
                },
                {
                    "@type": "PhpMyAdmin\\SqlParser\\Token",
                    "token": "INDEX",
                    "value": "INDEX",
                    "keyword": "INDEX",
                    "type": {
                        "@type": "@3"
                    },
                    "flags": 19,
                    "position": 34
                },
                {
                    "@type": "PhpMyAdmin\\SqlParser\\Token",
                    "token": " ",
                    "value": " ",
                    "keyword": null,
                    "type": {
                        "@type": "@5"
                    },
                    "flags": 0,
                    "position": 39
                },
                {
                    "@type": "PhpMyAdmin\\SqlParser\\Token",
                    "token": "`fk_transactions_catalog_entries1_idx`",
                    "value": "fk_transactions_catalog_entries1_idx",
                    "keyword": null,
                    "type": {
                        "@type": "@9"
                    },
                    "flags": 2,
                    "position": 40
                },
                {
                    "@type": "PhpMyAdmin\\SqlParser\\Token",
                    "token": " ",
                    "value": " ",
                    "keyword": null,
                    "type": {
                        "@type": "@5"
                    },
                    "flags": 0,
                    "position": 78
                },
                {
                    "@type": "PhpMyAdmin\\SqlParser\\Token",
                    "token": "TO",
                    "value": "TO",
                    "keyword": "TO",
                    "type": {
                        "@type": "@3"
                    },
                    "flags": 3,
                    "position": 79
                },
                {
                    "@type": "PhpMyAdmin\\SqlParser\\Token",
                    "token": " ",
                    "value": " ",
                    "keyword": null,
                    "type": {
                        "@type": "@5"
                    },
                    "flags": 0,
                    "position": 81
                },
                {
                    "@type": "PhpMyAdmin\\SqlParser\\Token",
                    "token": "`fk_transactions_catalog_entries2_idx`",
                    "value": "fk_transactions_catalog_entries2_idx",
                    "keyword": null,
                    "type": {
                        "@type": "@9"
                    },
                    "flags": 2,
                    "position": 82
                },
                {
                    "@type": "PhpMyAdmin\\SqlParser\\Token",
                    "token": null,
                    "value": null,
                    "keyword": null,
                    "type": {
                        "@type": "PhpMyAdmin\\SqlParser\\TokenType",
                        "name": "Delimiter",
                        "value": 9
                    },
                    "flags": 0,
                    "position": null
                }
            ]
        },
        "delimiter": ";",
        "delimiterLen": 1
    },
    "parser": {
        "@type": "PhpMyAdmin\\SqlParser\\Parser",
        "strict": false,
        "errors": [],
        "list": {
            "@type": "@1"
        },
        "statements": [
            {
                "@type": "PhpMyAdmin\\SqlParser\\Statements\\AlterStatement",
                "table": {
                    "@type": "PhpMyAdmin\\SqlParser\\Components\\Expression",
                    "database": null,
                    "table": "transactions",
                    "column": null,
                    "expr": "`transactions`",
                    "alias": null,
                    "function": null,
                    "subquery": null
                },
                "altered": [
                    {
                        "@type": "PhpMyAdmin\\SqlParser\\Components\\AlterOperation",
                        "options": {
                            "@type": "PhpMyAdmin\\SqlParser\\Components\\OptionsArray",
                            "options": {
                                "1": "RENAME",
                                "2": {
                                    "name": "INDEX",
                                    "equals": false,
                                    "expr": "`fk_transactions_catalog_entries1_idx`",
                                    "value": "fk_transactions_catalog_entries1_idx"
                                },
                                "3": {
                                    "name": "TO",
                                    "equals": false,
                                    "expr": "`fk_transactions_catalog_entries2_idx`",
                                    "value": "fk_transactions_catalog_entries2_idx"
                                }
                            }
                        },
                        "field": null,
                        "partitions": null,
                        "unknown": []
                    }
                ],
                "options": {
                    "@type": "PhpMyAdmin\\SqlParser\\Components\\OptionsArray",
                    "options": {
                        "3": "TABLE"
                    }
                },
                "first": 0,
                "last": 15
            }
        ],
        "brackets": 0
    },
    "errors": {
        "lexer": [],
        "parser": []
    }
}