{
    "query": "ALTER TABLE `actor` ADD `last_update2` SET ('value1','value2','value3') NOT NULL AFTER last_update",
    "lexer": {
        "@type": "PhpMyAdmin\\SqlParser\\Lexer",
        "strict": false,
        "errors": [],
        "str": "ALTER TABLE `actor` ADD `last_update2` SET ('value1','value2','value3') NOT NULL AFTER last_update",
        "len": 98,
        "last": 98,
        "list": {
            "@type": "PhpMyAdmin\\SqlParser\\TokensList",
            "count": 26,
            "idx": 26,
            "tokens": [
                {
                    "@type": "PhpMyAdmin\\SqlParser\\Token",
                    "token": "ALTER",
                    "value": "ALTER",
                    "keyword": "ALTER",
                    "type": {
                        "@type": "PhpMyAdmin\\SqlParser\\TokenType",
                        "name": "Keyword",
                        "value": 1
                    },
                    "flags": 3,
                    "position": 0
                },
                {
                    "@type": "PhpMyAdmin\\SqlParser\\Token",
                    "token": " ",
                    "value": " ",
                    "keyword": null,
                    "type": {
                        "@type": "PhpMyAdmin\\SqlParser\\TokenType",
                        "name": "Whitespace",
                        "value": 3
                    },
                    "flags": 0,
                    "position": 5
                },
                {
                    "@type": "PhpMyAdmin\\SqlParser\\Token",
                    "token": "TABLE",
                    "value": "TABLE",
                    "keyword": "TABLE",
                    "type": {
                        "@type": "@3"
                    },
                    "flags": 3,
                    "position": 6
                },
                {
                    "@type": "PhpMyAdmin\\SqlParser\\Token",
                    "token": " ",
                    "value": " ",
                    "keyword": null,
                    "type": {
                        "@type": "@5"
                    },
                    "flags": 0,
                    "position": 11
                },
                {
                    "@type": "PhpMyAdmin\\SqlParser\\Token",
                    "token": "`actor`",
                    "value": "actor",
                    "keyword": null,
                    "type": {
                        "@type": "PhpMyAdmin\\SqlParser\\TokenType",
                        "name": "Symbol",
                        "value": 8
                    },
                    "flags": 2,
                    "position": 12
                },
                {
                    "@type": "PhpMyAdmin\\SqlParser\\Token",
                    "token": " ",
                    "value": " ",
                    "keyword": null,
                    "type": {
                        "@type": "@5"
                    },
                    "flags": 0,
                    "position": 19
                },
                {
                    "@type": "PhpMyAdmin\\SqlParser\\Token",
                    "token": "ADD",
                    "value": "ADD",
                    "keyword": "ADD",
                    "type": {
                        "@type": "@3"
                    },
                    "flags": 3,
                    "position": 20
                },
                {
                    "@type": "PhpMyAdmin\\SqlParser\\Token",
                    "token": " ",
                    "value": " ",
                    "keyword": null,
                    "type": {
                        "@type": "@5"
                    },
                    "flags": 0,
                    "position": 23
                },
                {
                    "@type": "PhpMyAdmin\\SqlParser\\Token",
                    "token": "`last_update2`",
                    "value": "last_update2",
                    "keyword": null,
                    "type": {
                        "@type": "@9"
                    },
                    "flags": 2,
                    "position": 24
                },
                {
                    "@type": "PhpMyAdmin\\SqlParser\\Token",
                    "token": " ",
                    "value": " ",
                    "keyword": null,
                    "type": {
                        "@type": "@5"
                    },
                    "flags": 0,
                    "position": 38
                },
                {
                    "@type": "PhpMyAdmin\\SqlParser\\Token",
                    "token": "SET",
                    "value": "SET",
                    "keyword": "SET",
                    "type": {
                        "@type": "@3"
                    },
                    "flags": 11,
                    "position": 39
                },
                {
                    "@type": "PhpMyAdmin\\SqlParser\\Token",
                    "token": " ",
                    "value": " ",
                    "keyword": null,
                    "type": {
                        "@type": "@5"
                    },
                    "flags": 0,
                    "position": 42
                },
                {
                    "@type": "PhpMyAdmin\\SqlParser\\Token",
                    "token": "(",
                    "value": "(",
                    "keyword": null,
                    "type": {
                        "@type": "PhpMyAdmin\\SqlParser\\TokenType",
                        "name": "Operator",
                        "value": 2
                    },
                    "flags": 16,
                    "position": 43
                },
                {
                    "@type": "PhpMyAdmin\\SqlParser\\Token",
                    "token": "'value1'",
                    "value": "value1",
                    "keyword": null,
                    "type": {
                        "@type": "PhpMyAdmin\\SqlParser\\TokenType",
                        "name": "String",
                        "value": 7
                    },
                    "flags": 1,
                    "position": 44
                },
                {
                    "@type": "PhpMyAdmin\\SqlParser\\Token",
                    "token": ",",
                    "value": ",",
                    "keyword": null,
                    "type": {
                        "@type": "@18"
                    },
                    "flags": 16,
                    "position": 52
                },
                {
                    "@type": "PhpMyAdmin\\SqlParser\\Token",
                    "token": "'value2'",
                    "value": "value2",
                    "keyword": null,
                    "type": {
                        "@type": "@20"
                    },
                    "flags": 1,
                    "position": 53
                },
                {
                    "@type": "PhpMyAdmin\\SqlParser\\Token",
                    "token": ",",
                    "value": ",",
                    "keyword": null,
                    "type": {
                        "@type": "@18"
                    },
                    "flags": 16,
                    "position": 61
                },
                {
                    "@type": "PhpMyAdmin\\SqlParser\\Token",
                    "token": "'value3'",
                    "value": "value3",
                    "keyword": null,
                    "type": {
                        "@type": "@20"
                    },
                    "flags": 1,
                    "position": 62
                },
                {
                    "@type": "PhpMyAdmin\\SqlParser\\Token",
                    "token": ")",
                    "value": ")",
                    "keyword": null,
                    "type": {
                        "@type": "@18"
                    },
                    "flags": 16,
                    "position": 70
                },
                {
                    "@type": "PhpMyAdmin\\SqlParser\\Token",
                    "token": " ",
                    "value": " ",
                    "keyword": null,
                    "type": {
                        "@type": "@5"
                    },
                    "flags": 0,
                    "position": 71
                },
                {
                    "@type": "PhpMyAdmin\\SqlParser\\Token",
                    "token": "NOT NULL",
                    "value": "NOT NULL",
                    "keyword": "NOT NULL",
                    "type": {
                        "@type": "@3"
                    },
                    "flags": 7,
                    "position": 72
                },
                {
                    "@type": "PhpMyAdmin\\SqlParser\\Token",
                    "token": " ",
                    "value": " ",
                    "keyword": null,
                    "type": {
                        "@type": "@5"
                    },
                    "flags": 0,
                    "position": 80
                },
                {
                    "@type": "PhpMyAdmin\\SqlParser\\Token",
                    "token": "AFTER",
                    "value": "AFTER",
                    "keyword": "AFTER",
                    "type": {
                        "@type": "@3"
                    },
                    "flags": 1,
                    "position": 81
                },
                {
                    "@type": "PhpMyAdmin\\SqlParser\\Token",
                    "token": " ",
                    "value": " ",
                    "keyword": null,
                    "type": {
                        "@type": "@5"
                    },
                    "flags": 0,
                    "position": 86
                },
                {
                    "@type": "PhpMyAdmin\\SqlParser\\Token",
                    "token": "last_update",
                    "value": "last_update",
                    "keyword": null,
                    "type": {
                        "@type": "PhpMyAdmin\\SqlParser\\TokenType",
                        "name": "None",
                        "value": 0
                    },
                    "flags": 0,
                    "position": 87
                },
                {
                    "@type": "PhpMyAdmin\\SqlParser\\Token",
                    "token": null,
                    "value": null,
                    "keyword": null,
                    "type": {
                        "@type": "PhpMyAdmin\\SqlParser\\TokenType",
                        "name": "Delimiter",
                        "value": 9
                    },
                    "flags": 0,
                    "position": null
                }
            ]
        },
        "delimiter": ";",
        "delimiterLen": 1
    },
    "parser": {
        "@type": "PhpMyAdmin\\SqlParser\\Parser",
        "strict": false,
        "errors": [],
        "list": {
            "@type": "@1"
        },
        "statements": [
            {
                "@type": "PhpMyAdmin\\SqlParser\\Statements\\AlterStatement",
                "table": {
                    "@type": "PhpMyAdmin\\SqlParser\\Components\\Expression",
                    "database": null,
                    "table": "actor",
                    "column": null,
                    "expr": "`actor`",
                    "alias": null,
                    "function": null,
                    "subquery": null
                },
                "altered": [
                    {
                        "@type": "PhpMyAdmin\\SqlParser\\Components\\AlterOperation",
                        "options": {
                            "@type": "PhpMyAdmin\\SqlParser\\Components\\OptionsArray",
                            "options": {
                                "1": "ADD"
                            }
                        },
                        "field": {
                            "@type": "PhpMyAdmin\\SqlParser\\Components\\Expression",
                            "database": null,
                            "table": null,
                            "column": "last_update2",
                            "expr": "`last_update2`",
                            "alias": null,
                            "function": null,
                            "subquery": null
                        },
                        "partitions": null,
                        "unknown": [
                            {
                                "@type": "@15"
                            },
                            {
                                "@type": "@27"
                            },
                            {
                                "@type": "@28"
                            },
                            {
                                "@type": "@29"
                            },
                            {
                                "@type": "@30"
                            },
                            {
                                "@type": "@31"
                            }
                        ]
                    }
                ],
                "options": {
                    "@type": "PhpMyAdmin\\SqlParser\\Components\\OptionsArray",
                    "options": {
                        "3": "TABLE"
                    }
                },
                "first": 0,
                "last": 25
            }
        ],
        "brackets": 0
    },
    "errors": {
        "lexer": [],
        "parser": []
    }
}