{
    "query": "CREATE DEFINER=`root`@`%` PROCEDURE `test2`(IN `_var` INT) NOT DETERMINISTIC NO SQL SQL SECURITY INVOKER SELECT _var",
    "lexer": {
        "@type": "PhpMyAdmin\\SqlParser\\Lexer",
        "strict": false,
        "errors": [],
        "str": "CREATE DEFINER=`root`@`%` PROCEDURE `test2`(IN `_var` INT) NOT DETERMINISTIC NO SQL SQL SECURITY INVOKER SELECT _var",
        "len": 116,
        "last": 116,
        "list": {
            "@type": "PhpMyAdmin\\SqlParser\\TokensList",
            "count": 31,
            "idx": 31,
            "tokens": [
                {
                    "@type": "PhpMyAdmin\\SqlParser\\Token",
                    "token": "CREATE",
                    "value": "CREATE",
                    "keyword": "CREATE",
                    "type": {
                        "@type": "PhpMyAdmin\\SqlParser\\TokenType",
                        "name": "Keyword",
                        "value": 1
                    },
                    "flags": 3,
                    "position": 0
                },
                {
                    "@type": "PhpMyAdmin\\SqlParser\\Token",
                    "token": " ",
                    "value": " ",
                    "keyword": null,
                    "type": {
                        "@type": "PhpMyAdmin\\SqlParser\\TokenType",
                        "name": "Whitespace",
                        "value": 3
                    },
                    "flags": 0,
                    "position": 6
                },
                {
                    "@type": "PhpMyAdmin\\SqlParser\\Token",
                    "token": "DEFINER",
                    "value": "DEFINER",
                    "keyword": "DEFINER",
                    "type": {
                        "@type": "@3"
                    },
                    "flags": 1,
                    "position": 7
                },
                {
                    "@type": "PhpMyAdmin\\SqlParser\\Token",
                    "token": "=",
                    "value": "=",
                    "keyword": null,
                    "type": {
                        "@type": "PhpMyAdmin\\SqlParser\\TokenType",
                        "name": "Operator",
                        "value": 2
                    },
                    "flags": 2,
                    "position": 14
                },
                {
                    "@type": "PhpMyAdmin\\SqlParser\\Token",
                    "token": "`root`@`%`",
                    "value": "root@%",
                    "keyword": null,
                    "type": {
                        "@type": "PhpMyAdmin\\SqlParser\\TokenType",
                        "name": "Symbol",
                        "value": 8
                    },
                    "flags": 4,
                    "position": 15
                },
                {
                    "@type": "PhpMyAdmin\\SqlParser\\Token",
                    "token": " ",
                    "value": " ",
                    "keyword": null,
                    "type": {
                        "@type": "@5"
                    },
                    "flags": 0,
                    "position": 25
                },
                {
                    "@type": "PhpMyAdmin\\SqlParser\\Token",
                    "token": "PROCEDURE",
                    "value": "PROCEDURE",
                    "keyword": "PROCEDURE",
                    "type": {
                        "@type": "@3"
                    },
                    "flags": 3,
                    "position": 26
                },
                {
                    "@type": "PhpMyAdmin\\SqlParser\\Token",
                    "token": " ",
                    "value": " ",
                    "keyword": null,
                    "type": {
                        "@type": "@5"
                    },
                    "flags": 0,
                    "position": 35
                },
                {
                    "@type": "PhpMyAdmin\\SqlParser\\Token",
                    "token": "`test2`",
                    "value": "test2",
                    "keyword": null,
                    "type": {
                        "@type": "@10"
                    },
                    "flags": 2,
                    "position": 36
                },
                {
                    "@type": "PhpMyAdmin\\SqlParser\\Token",
                    "token": "(",
                    "value": "(",
                    "keyword": null,
                    "type": {
                        "@type": "@8"
                    },
                    "flags": 16,
                    "position": 43
                },
                {
                    "@type": "PhpMyAdmin\\SqlParser\\Token",
                    "token": "IN",
                    "value": "IN",
                    "keyword": "IN",
                    "type": {
                        "@type": "@3"
                    },
                    "flags": 35,
                    "position": 44
                },
                {
                    "@type": "PhpMyAdmin\\SqlParser\\Token",
                    "token": " ",
                    "value": " ",
                    "keyword": null,
                    "type": {
                        "@type": "@5"
                    },
                    "flags": 0,
                    "position": 46
                },
                {
                    "@type": "PhpMyAdmin\\SqlParser\\Token",
                    "token": "`_var`",
                    "value": "_var",
                    "keyword": null,
                    "type": {
                        "@type": "@10"
                    },
                    "flags": 2,
                    "position": 47
                },
                {
                    "@type": "PhpMyAdmin\\SqlParser\\Token",
                    "token": " ",
                    "value": " ",
                    "keyword": null,
                    "type": {
                        "@type": "@5"
                    },
                    "flags": 0,
                    "position": 53
                },
                {
                    "@type": "PhpMyAdmin\\SqlParser\\Token",
                    "token": "INT",
                    "value": "INT",
                    "keyword": "INT",
                    "type": {
                        "@type": "@3"
                    },
                    "flags": 11,
                    "position": 54
                },
                {
                    "@type": "PhpMyAdmin\\SqlParser\\Token",
                    "token": ")",
                    "value": ")",
                    "keyword": null,
                    "type": {
                        "@type": "@8"
                    },
                    "flags": 16,
                    "position": 57
                },
                {
                    "@type": "PhpMyAdmin\\SqlParser\\Token",
                    "token": " ",
                    "value": " ",
                    "keyword": null,
                    "type": {
                        "@type": "@5"
                    },
                    "flags": 0,
                    "position": 58
                },
                {
                    "@type": "PhpMyAdmin\\SqlParser\\Token",
                    "token": "NOT",
                    "value": "NOT",
                    "keyword": "NOT",
                    "type": {
                        "@type": "@3"
                    },
                    "flags": 3,
                    "position": 59
                },
                {
                    "@type": "PhpMyAdmin\\SqlParser\\Token",
                    "token": " ",
                    "value": " ",
                    "keyword": null,
                    "type": {
                        "@type": "@5"
                    },
                    "flags": 0,
                    "position": 62
                },
                {
                    "@type": "PhpMyAdmin\\SqlParser\\Token",
                    "token": "DETERMINISTIC",
                    "value": "DETERMINISTIC",
                    "keyword": "DETERMINISTIC",
                    "type": {
                        "@type": "@3"
                    },
                    "flags": 3,
                    "position": 63
                },
                {
                    "@type": "PhpMyAdmin\\SqlParser\\Token",
                    "token": " ",
                    "value": " ",
                    "keyword": null,
                    "type": {
                        "@type": "@5"
                    },
                    "flags": 0,
                    "position": 76
                },
                {
                    "@type": "PhpMyAdmin\\SqlParser\\Token",
                    "token": "NO SQL",
                    "value": "NO SQL",
                    "keyword": "NO SQL",
                    "type": {
                        "@type": "@3"
                    },
                    "flags": 7,
                    "position": 77
                },
                {
                    "@type": "PhpMyAdmin\\SqlParser\\Token",
                    "token": " ",
                    "value": " ",
                    "keyword": null,
                    "type": {
                        "@type": "@5"
                    },
                    "flags": 0,
                    "position": 83
                },
                {
                    "@type": "PhpMyAdmin\\SqlParser\\Token",
                    "token": "SQL SECURITY",
                    "value": "SQL SECURITY",
                    "keyword": "SQL SECURITY",
                    "type": {
                        "@type": "@3"
                    },
                    "flags": 7,
                    "position": 84
                },
                {
                    "@type": "PhpMyAdmin\\SqlParser\\Token",
                    "token": " ",
                    "value": " ",
                    "keyword": null,
                    "type": {
                        "@type": "@5"
                    },
                    "flags": 0,
                    "position": 96
                },
                {
                    "@type": "PhpMyAdmin\\SqlParser\\Token",
                    "token": "INVOKER",
                    "value": "INVOKER",
                    "keyword": "INVOKER",
                    "type": {
                        "@type": "@3"
                    },
                    "flags": 1,
                    "position": 97
                },
                {
                    "@type": "PhpMyAdmin\\SqlParser\\Token",
                    "token": " ",
                    "value": " ",
                    "keyword": null,
                    "type": {
                        "@type": "@5"
                    },
                    "flags": 0,
                    "position": 104
                },
                {
                    "@type": "PhpMyAdmin\\SqlParser\\Token",
                    "token": "SELECT",
                    "value": "SELECT",
                    "keyword": "SELECT",
                    "type": {
                        "@type": "@3"
                    },
                    "flags": 3,
                    "position": 105
                },
                {
                    "@type": "PhpMyAdmin\\SqlParser\\Token",
                    "token": " ",
                    "value": " ",
                    "keyword": null,
                    "type": {
                        "@type": "@5"
                    },
                    "flags": 0,
                    "position": 111
                },
                {
                    "@type": "PhpMyAdmin\\SqlParser\\Token",
                    "token": "_var",
                    "value": "_var",
                    "keyword": null,
                    "type": {
                        "@type": "PhpMyAdmin\\SqlParser\\TokenType",
                        "name": "None",
                        "value": 0
                    },
                    "flags": 0,
                    "position": 112
                },
                {
                    "@type": "PhpMyAdmin\\SqlParser\\Token",
                    "token": null,
                    "value": null,
                    "keyword": null,
                    "type": {
                        "@type": "PhpMyAdmin\\SqlParser\\TokenType",
                        "name": "Delimiter",
                        "value": 9
                    },
                    "flags": 0,
                    "position": null
                }
            ]
        },
        "delimiter": ";",
        "delimiterLen": 1
    },
    "parser": {
        "@type": "PhpMyAdmin\\SqlParser\\Parser",
        "strict": false,
        "errors": [],
        "list": {
            "@type": "@1"
        },
        "statements": [
            {
                "@type": "PhpMyAdmin\\SqlParser\\Statements\\CreateStatement",
                "name": {
                    "@type": "PhpMyAdmin\\SqlParser\\Components\\Expression",
                    "database": null,
                    "table": "test2",
                    "column": null,
                    "expr": "`test2`",
                    "alias": null,
                    "function": null,
                    "subquery": null
                },
                "entityOptions": {
                    "@type": "PhpMyAdmin\\SqlParser\\Components\\OptionsArray",
                    "options": {
                        "2": {
                            "name": "NOT",
                            "equals": false,
                            "expr": "DETERMINISTIC",
                            "value": "DETERMINISTIC"
                        },
                        "4": "NO SQL",
                        "6": {
                            "name": "SQL SECURITY",
                            "equals": false,
                            "expr": "INVOKER",
                            "value": "INVOKER"
                        }
                    }
                },
                "fields": null,
                "with": null,
                "select": null,
                "like": null,
                "partitionBy": null,
                "partitionsNum": null,
                "subpartitionBy": null,
                "subpartitionsNum": null,
                "partitions": null,
                "table": null,
                "return": null,
                "parameters": [
                    {
                        "@type": "PhpMyAdmin\\SqlParser\\Components\\ParameterDefinition",
                        "name": "_var",
                        "inOut": "IN",
                        "type": {
                            "@type": "PhpMyAdmin\\SqlParser\\Components\\DataType",
                            "name": "INT",
                            "parameters": [],
                            "options": {
                                "@type": "PhpMyAdmin\\SqlParser\\Components\\OptionsArray",
                                "options": []
                            },
                            "lowercase": false
                        }
                    }
                ],
                "body": [
                    {
                        "@type": "@33"
                    },
                    {
                        "@type": "@34"
                    },
                    {
                        "@type": "@35"
                    }
                ],
                "options": {
                    "@type": "PhpMyAdmin\\SqlParser\\Components\\OptionsArray",
                    "options": {
                        "4": {
                            "name": "DEFINER",
                            "equals": true,
                            "expr": {
                                "@type": "PhpMyAdmin\\SqlParser\\Components\\Expression",
                                "database": null,
                                "table": null,
                                "column": "root@%",
                                "expr": "`root`@`%`",
                                "alias": null,
                                "function": null,
                                "subquery": null
                            },
                            "value": "`root`@`%`"
                        },
                        "6": "PROCEDURE"
                    }
                },
                "first": 0,
                "last": 30
            }
        ],
        "brackets": 0
    },
    "errors": {
        "lexer": [],
        "parser": []
    }
}