{
    "query": "CREATE TABLE autos (\n    auto_id INT UNSIGNED NOT NULL KEY,\n    make VARCHAR(128),\n    year INTEGER,\n    mileage INTEGER\n);",
    "lexer": {
        "@type": "PhpMyAdmin\\SqlParser\\Lexer",
        "str": "CREATE TABLE autos (\n    auto_id INT UNSIGNED NOT NULL KEY,\n    make VARCHAR(128),\n    year INTEGER,\n    mileage INTEGER\n);",
        "len": 123,
        "last": 123,
        "list": {
            "@type": "PhpMyAdmin\\SqlParser\\TokensList",
            "count": 39,
            "idx": 39,
            "tokens": [
                {
                    "@type": "PhpMyAdmin\\SqlParser\\Token",
                    "token": "CREATE",
                    "value": "CREATE",
                    "keyword": "CREATE",
                    "type": {
                        "@type": "PhpMyAdmin\\SqlParser\\TokenType",
                        "name": "Keyword",
                        "value": 1
                    },
                    "flags": 3,
                    "position": 0
                },
                {
                    "@type": "PhpMyAdmin\\SqlParser\\Token",
                    "token": " ",
                    "value": " ",
                    "keyword": null,
                    "type": {
                        "@type": "PhpMyAdmin\\SqlParser\\TokenType",
                        "name": "Whitespace",
                        "value": 3
                    },
                    "flags": 0,
                    "position": 6
                },
                {
                    "@type": "PhpMyAdmin\\SqlParser\\Token",
                    "token": "TABLE",
                    "value": "TABLE",
                    "keyword": "TABLE",
                    "type": {
                        "@type": "@3"
                    },
                    "flags": 3,
                    "position": 7
                },
                {
                    "@type": "PhpMyAdmin\\SqlParser\\Token",
                    "token": " ",
                    "value": " ",
                    "keyword": null,
                    "type": {
                        "@type": "@5"
                    },
                    "flags": 0,
                    "position": 12
                },
                {
                    "@type": "PhpMyAdmin\\SqlParser\\Token",
                    "token": "autos",
                    "value": "autos",
                    "keyword": null,
                    "type": {
                        "@type": "PhpMyAdmin\\SqlParser\\TokenType",
                        "name": "None",
                        "value": 0
                    },
                    "flags": 0,
                    "position": 13
                },
                {
                    "@type": "PhpMyAdmin\\SqlParser\\Token",
                    "token": " ",
                    "value": " ",
                    "keyword": null,
                    "type": {
                        "@type": "@5"
                    },
                    "flags": 0,
                    "position": 18
                },
                {
                    "@type": "PhpMyAdmin\\SqlParser\\Token",
                    "token": "(",
                    "value": "(",
                    "keyword": null,
                    "type": {
                        "@type": "PhpMyAdmin\\SqlParser\\TokenType",
                        "name": "Operator",
                        "value": 2
                    },
                    "flags": 16,
                    "position": 19
                },
                {
                    "@type": "PhpMyAdmin\\SqlParser\\Token",
                    "token": "\n    ",
                    "value": " ",
                    "keyword": null,
                    "type": {
                        "@type": "@5"
                    },
                    "flags": 0,
                    "position": 20
                },
                {
                    "@type": "PhpMyAdmin\\SqlParser\\Token",
                    "token": "auto_id",
                    "value": "auto_id",
                    "keyword": null,
                    "type": {
                        "@type": "@9"
                    },
                    "flags": 0,
                    "position": 25
                },
                {
                    "@type": "PhpMyAdmin\\SqlParser\\Token",
                    "token": " ",
                    "value": " ",
                    "keyword": null,
                    "type": {
                        "@type": "@5"
                    },
                    "flags": 0,
                    "position": 32
                },
                {
                    "@type": "PhpMyAdmin\\SqlParser\\Token",
                    "token": "INT",
                    "value": "INT",
                    "keyword": "INT",
                    "type": {
                        "@type": "@3"
                    },
                    "flags": 11,
                    "position": 33
                },
                {
                    "@type": "PhpMyAdmin\\SqlParser\\Token",
                    "token": " ",
                    "value": " ",
                    "keyword": null,
                    "type": {
                        "@type": "@5"
                    },
                    "flags": 0,
                    "position": 36
                },
                {
                    "@type": "PhpMyAdmin\\SqlParser\\Token",
                    "token": "UNSIGNED",
                    "value": "UNSIGNED",
                    "keyword": "UNSIGNED",
                    "type": {
                        "@type": "@3"
                    },
                    "flags": 3,
                    "position": 37
                },
                {
                    "@type": "PhpMyAdmin\\SqlParser\\Token",
                    "token": " ",
                    "value": " ",
                    "keyword": null,
                    "type": {
                        "@type": "@5"
                    },
                    "flags": 0,
                    "position": 45
                },
                {
                    "@type": "PhpMyAdmin\\SqlParser\\Token",
                    "token": "NOT NULL",
                    "value": "NOT NULL",
                    "keyword": "NOT NULL",
                    "type": {
                        "@type": "@3"
                    },
                    "flags": 7,
                    "position": 46
                },
                {
                    "@type": "PhpMyAdmin\\SqlParser\\Token",
                    "token": " ",
                    "value": " ",
                    "keyword": null,
                    "type": {
                        "@type": "@5"
                    },
                    "flags": 0,
                    "position": 54
                },
                {
                    "@type": "PhpMyAdmin\\SqlParser\\Token",
                    "token": "KEY",
                    "value": "KEY",
                    "keyword": "KEY",
                    "type": {
                        "@type": "@3"
                    },
                    "flags": 19,
                    "position": 55
                },
                {
                    "@type": "PhpMyAdmin\\SqlParser\\Token",
                    "token": ",",
                    "value": ",",
                    "keyword": null,
                    "type": {
                        "@type": "@12"
                    },
                    "flags": 16,
                    "position": 58
                },
                {
                    "@type": "PhpMyAdmin\\SqlParser\\Token",
                    "token": "\n    ",
                    "value": " ",
                    "keyword": null,
                    "type": {
                        "@type": "@5"
                    },
                    "flags": 0,
                    "position": 59
                },
                {
                    "@type": "PhpMyAdmin\\SqlParser\\Token",
                    "token": "make",
                    "value": "make",
                    "keyword": null,
                    "type": {
                        "@type": "@9"
                    },
                    "flags": 0,
                    "position": 64
                },
                {
                    "@type": "PhpMyAdmin\\SqlParser\\Token",
                    "token": " ",
                    "value": " ",
                    "keyword": null,
                    "type": {
                        "@type": "@5"
                    },
                    "flags": 0,
                    "position": 68
                },
                {
                    "@type": "PhpMyAdmin\\SqlParser\\Token",
                    "token": "VARCHAR",
                    "value": "VARCHAR",
                    "keyword": "VARCHAR",
                    "type": {
                        "@type": "@3"
                    },
                    "flags": 11,
                    "position": 69
                },
                {
                    "@type": "PhpMyAdmin\\SqlParser\\Token",
                    "token": "(",
                    "value": "(",
                    "keyword": null,
                    "type": {
                        "@type": "@12"
                    },
                    "flags": 16,
                    "position": 76
                },
                {
                    "@type": "PhpMyAdmin\\SqlParser\\Token",
                    "token": "128",
                    "value": 128,
                    "keyword": null,
                    "type": {
                        "@type": "PhpMyAdmin\\SqlParser\\TokenType",
                        "name": "Number",
                        "value": 6
                    },
                    "flags": 0,
                    "position": 77
                },
                {
                    "@type": "PhpMyAdmin\\SqlParser\\Token",
                    "token": ")",
                    "value": ")",
                    "keyword": null,
                    "type": {
                        "@type": "@12"
                    },
                    "flags": 16,
                    "position": 80
                },
                {
                    "@type": "PhpMyAdmin\\SqlParser\\Token",
                    "token": ",",
                    "value": ",",
                    "keyword": null,
                    "type": {
                        "@type": "@12"
                    },
                    "flags": 16,
                    "position": 81
                },
                {
                    "@type": "PhpMyAdmin\\SqlParser\\Token",
                    "token": "\n    ",
                    "value": " ",
                    "keyword": null,
                    "type": {
                        "@type": "@5"
                    },
                    "flags": 0,
                    "position": 82
                },
                {
                    "@type": "PhpMyAdmin\\SqlParser\\Token",
                    "token": "year",
                    "value": "year",
                    "keyword": "YEAR",
                    "type": {
                        "@type": "@3"
                    },
                    "flags": 41,
                    "position": 87
                },
                {
                    "@type": "PhpMyAdmin\\SqlParser\\Token",
                    "token": " ",
                    "value": " ",
                    "keyword": null,
                    "type": {
                        "@type": "@5"
                    },
                    "flags": 0,
                    "position": 91
                },
                {
                    "@type": "PhpMyAdmin\\SqlParser\\Token",
                    "token": "INTEGER",
                    "value": "INTEGER",
                    "keyword": "INTEGER",
                    "type": {
                        "@type": "@3"
                    },
                    "flags": 11,
                    "position": 92
                },
                {
                    "@type": "PhpMyAdmin\\SqlParser\\Token",
                    "token": ",",
                    "value": ",",
                    "keyword": null,
                    "type": {
                        "@type": "@12"
                    },
                    "flags": 16,
                    "position": 99
                },
                {
                    "@type": "PhpMyAdmin\\SqlParser\\Token",
                    "token": "\n    ",
                    "value": " ",
                    "keyword": null,
                    "type": {
                        "@type": "@5"
                    },
                    "flags": 0,
                    "position": 100
                },
                {
                    "@type": "PhpMyAdmin\\SqlParser\\Token",
                    "token": "mileage",
                    "value": "mileage",
                    "keyword": null,
                    "type": {
                        "@type": "@9"
                    },
                    "flags": 0,
                    "position": 105
                },
                {
                    "@type": "PhpMyAdmin\\SqlParser\\Token",
                    "token": " ",
                    "value": " ",
                    "keyword": null,
                    "type": {
                        "@type": "@5"
                    },
                    "flags": 0,
                    "position": 112
                },
                {
                    "@type": "PhpMyAdmin\\SqlParser\\Token",
                    "token": "INTEGER",
                    "value": "INTEGER",
                    "keyword": "INTEGER",
                    "type": {
                        "@type": "@3"
                    },
                    "flags": 11,
                    "position": 113
                },
                {
                    "@type": "PhpMyAdmin\\SqlParser\\Token",
                    "token": "\n",
                    "value": " ",
                    "keyword": null,
                    "type": {
                        "@type": "@5"
                    },
                    "flags": 0,
                    "position": 120
                },
                {
                    "@type": "PhpMyAdmin\\SqlParser\\Token",
                    "token": ")",
                    "value": ")",
                    "keyword": null,
                    "type": {
                        "@type": "@12"
                    },
                    "flags": 16,
                    "position": 121
                },
                {
                    "@type": "PhpMyAdmin\\SqlParser\\Token",
                    "token": ";",
                    "value": ";",
                    "keyword": null,
                    "type": {
                        "@type": "PhpMyAdmin\\SqlParser\\TokenType",
                        "name": "Delimiter",
                        "value": 9
                    },
                    "flags": 0,
                    "position": 122
                },
                {
                    "@type": "PhpMyAdmin\\SqlParser\\Token",
                    "token": null,
                    "value": null,
                    "keyword": null,
                    "type": {
                        "@type": "@45"
                    },
                    "flags": 0,
                    "position": null
                }
            ]
        },
        "delimiter": ";",
        "delimiterLen": 1,
        "strict": false,
        "errors": []
    },
    "parser": {
        "@type": "PhpMyAdmin\\SqlParser\\Parser",
        "list": {
            "@type": "@1"
        },
        "statements": [
            {
                "@type": "PhpMyAdmin\\SqlParser\\Statements\\CreateStatement",
                "name": {
                    "@type": "PhpMyAdmin\\SqlParser\\Components\\Expression",
                    "database": null,
                    "table": "autos",
                    "column": null,
                    "expr": "autos",
                    "alias": null,
                    "function": null,
                    "subquery": null
                },
                "entityOptions": {
                    "@type": "PhpMyAdmin\\SqlParser\\Components\\OptionsArray",
                    "options": []
                },
                "fields": [
                    {
                        "@type": "PhpMyAdmin\\SqlParser\\Components\\CreateDefinition",
                        "name": "auto_id",
                        "isConstraint": null,
                        "type": {
                            "@type": "PhpMyAdmin\\SqlParser\\Components\\DataType",
                            "name": "INT",
                            "parameters": [],
                            "options": {
                                "@type": "PhpMyAdmin\\SqlParser\\Components\\OptionsArray",
                                "options": {
                                    "4": "UNSIGNED"
                                }
                            },
                            "lowercase": false
                        },
                        "key": null,
                        "references": null,
                        "options": {
                            "@type": "PhpMyAdmin\\SqlParser\\Components\\OptionsArray",
                            "options": {
                                "1": "NOT NULL",
                                "4": "KEY"
                            }
                        }
                    },
                    {
                        "@type": "PhpMyAdmin\\SqlParser\\Components\\CreateDefinition",
                        "name": "make",
                        "isConstraint": null,
                        "type": {
                            "@type": "PhpMyAdmin\\SqlParser\\Components\\DataType",
                            "name": "VARCHAR",
                            "parameters": [
                                "128"
                            ],
                            "options": {
                                "@type": "PhpMyAdmin\\SqlParser\\Components\\OptionsArray",
                                "options": []
                            },
                            "lowercase": false
                        },
                        "key": null,
                        "references": null,
                        "options": {
                            "@type": "PhpMyAdmin\\SqlParser\\Components\\OptionsArray",
                            "options": []
                        }
                    },
                    {
                        "@type": "PhpMyAdmin\\SqlParser\\Components\\CreateDefinition",
                        "name": "year",
                        "isConstraint": null,
                        "type": {
                            "@type": "PhpMyAdmin\\SqlParser\\Components\\DataType",
                            "name": "INTEGER",
                            "parameters": [],
                            "options": {
                                "@type": "PhpMyAdmin\\SqlParser\\Components\\OptionsArray",
                                "options": []
                            },
                            "lowercase": false
                        },
                        "key": null,
                        "references": null,
                        "options": {
                            "@type": "PhpMyAdmin\\SqlParser\\Components\\OptionsArray",
                            "options": []
                        }
                    },
                    {
                        "@type": "PhpMyAdmin\\SqlParser\\Components\\CreateDefinition",
                        "name": "mileage",
                        "isConstraint": null,
                        "type": {
                            "@type": "PhpMyAdmin\\SqlParser\\Components\\DataType",
                            "name": "INTEGER",
                            "parameters": [],
                            "options": {
                                "@type": "PhpMyAdmin\\SqlParser\\Components\\OptionsArray",
                                "options": []
                            },
                            "lowercase": false
                        },
                        "key": null,
                        "references": null,
                        "options": {
                            "@type": "PhpMyAdmin\\SqlParser\\Components\\OptionsArray",
                            "options": []
                        }
                    }
                ],
                "with": null,
                "select": null,
                "like": null,
                "partitionBy": null,
                "partitionsNum": null,
                "subpartitionBy": null,
                "subpartitionsNum": null,
                "partitions": null,
                "table": null,
                "return": null,
                "parameters": null,
                "body": [],
                "options": {
                    "@type": "PhpMyAdmin\\SqlParser\\Components\\OptionsArray",
                    "options": {
                        "6": "TABLE"
                    }
                },
                "first": 0,
                "last": 37
            }
        ],
        "brackets": 0,
        "strict": false,
        "errors": []
    },
    "errors": {
        "lexer": [],
        "parser": []
    }
}