{
    "query": "LOAD DATA CONCURRENT INFILE 'employee1.txt' INTO TABLE employee;",
    "lexer": {
        "@type": "PhpMyAdmin\\SqlParser\\Lexer",
        "strict": false,
        "errors": [],
        "str": "LOAD DATA CONCURRENT INFILE 'employee1.txt' INTO TABLE employee;",
        "len": 64,
        "last": 64,
        "list": {
            "@type": "PhpMyAdmin\\SqlParser\\TokensList",
            "count": 15,
            "idx": 15,
            "tokens": [
                {
                    "@type": "PhpMyAdmin\\SqlParser\\Token",
                    "token": "LOAD DATA",
                    "value": "LOAD DATA",
                    "keyword": "LOAD DATA",
                    "type": {
                        "@type": "PhpMyAdmin\\SqlParser\\TokenType",
                        "name": "Keyword",
                        "value": 1
                    },
                    "flags": 7,
                    "position": 0
                },
                {
                    "@type": "PhpMyAdmin\\SqlParser\\Token",
                    "token": " ",
                    "value": " ",
                    "keyword": null,
                    "type": {
                        "@type": "PhpMyAdmin\\SqlParser\\TokenType",
                        "name": "Whitespace",
                        "value": 3
                    },
                    "flags": 0,
                    "position": 9
                },
                {
                    "@type": "PhpMyAdmin\\SqlParser\\Token",
                    "token": "CONCURRENT",
                    "value": "CONCURRENT",
                    "keyword": "CONCURRENT",
                    "type": {
                        "@type": "@3"
                    },
                    "flags": 1,
                    "position": 10
                },
                {
                    "@type": "PhpMyAdmin\\SqlParser\\Token",
                    "token": " ",
                    "value": " ",
                    "keyword": null,
                    "type": {
                        "@type": "@5"
                    },
                    "flags": 0,
                    "position": 20
                },
                {
                    "@type": "PhpMyAdmin\\SqlParser\\Token",
                    "token": "INFILE",
                    "value": "INFILE",
                    "keyword": "INFILE",
                    "type": {
                        "@type": "@3"
                    },
                    "flags": 3,
                    "position": 21
                },
                {
                    "@type": "PhpMyAdmin\\SqlParser\\Token",
                    "token": " ",
                    "value": " ",
                    "keyword": null,
                    "type": {
                        "@type": "@5"
                    },
                    "flags": 0,
                    "position": 27
                },
                {
                    "@type": "PhpMyAdmin\\SqlParser\\Token",
                    "token": "'employee1.txt'",
                    "value": "employee1.txt",
                    "keyword": null,
                    "type": {
                        "@type": "PhpMyAdmin\\SqlParser\\TokenType",
                        "name": "String",
                        "value": 7
                    },
                    "flags": 1,
                    "position": 28
                },
                {
                    "@type": "PhpMyAdmin\\SqlParser\\Token",
                    "token": " ",
                    "value": " ",
                    "keyword": null,
                    "type": {
                        "@type": "@5"
                    },
                    "flags": 0,
                    "position": 43
                },
                {
                    "@type": "PhpMyAdmin\\SqlParser\\Token",
                    "token": "INTO",
                    "value": "INTO",
                    "keyword": "INTO",
                    "type": {
                        "@type": "@3"
                    },
                    "flags": 3,
                    "position": 44
                },
                {
                    "@type": "PhpMyAdmin\\SqlParser\\Token",
                    "token": " ",
                    "value": " ",
                    "keyword": null,
                    "type": {
                        "@type": "@5"
                    },
                    "flags": 0,
                    "position": 48
                },
                {
                    "@type": "PhpMyAdmin\\SqlParser\\Token",
                    "token": "TABLE",
                    "value": "TABLE",
                    "keyword": "TABLE",
                    "type": {
                        "@type": "@3"
                    },
                    "flags": 3,
                    "position": 49
                },
                {
                    "@type": "PhpMyAdmin\\SqlParser\\Token",
                    "token": " ",
                    "value": " ",
                    "keyword": null,
                    "type": {
                        "@type": "@5"
                    },
                    "flags": 0,
                    "position": 54
                },
                {
                    "@type": "PhpMyAdmin\\SqlParser\\Token",
                    "token": "employee",
                    "value": "employee",
                    "keyword": null,
                    "type": {
                        "@type": "PhpMyAdmin\\SqlParser\\TokenType",
                        "name": "None",
                        "value": 0
                    },
                    "flags": 0,
                    "position": 55
                },
                {
                    "@type": "PhpMyAdmin\\SqlParser\\Token",
                    "token": ";",
                    "value": ";",
                    "keyword": null,
                    "type": {
                        "@type": "PhpMyAdmin\\SqlParser\\TokenType",
                        "name": "Delimiter",
                        "value": 9
                    },
                    "flags": 0,
                    "position": 63
                },
                {
                    "@type": "PhpMyAdmin\\SqlParser\\Token",
                    "token": "",
                    "value": "",
                    "keyword": null,
                    "type": {
                        "@type": "@20"
                    },
                    "flags": 0,
                    "position": null
                }
            ]
        },
        "delimiter": ";",
        "delimiterLen": 1
    },
    "parser": {
        "@type": "PhpMyAdmin\\SqlParser\\Parser",
        "strict": false,
        "errors": [],
        "list": {
            "@type": "@1"
        },
        "statements": [
            {
                "@type": "PhpMyAdmin\\SqlParser\\Statements\\LoadStatement",
                "fileName": {
                    "@type": "PhpMyAdmin\\SqlParser\\Components\\Expression",
                    "database": null,
                    "table": null,
                    "column": null,
                    "expr": "'employee1.txt'",
                    "alias": null,
                    "function": null,
                    "subquery": null,
                    "file": "employee1.txt"
                },
                "table": {
                    "@type": "PhpMyAdmin\\SqlParser\\Components\\Expression",
                    "database": null,
                    "table": "employee",
                    "column": null,
                    "expr": "employee",
                    "alias": null,
                    "function": null,
                    "subquery": null
                },
                "partition": null,
                "charsetName": null,
                "fieldsOptions": null,
                "fieldsKeyword": null,
                "linesOptions": null,
                "columnNamesOrUserVariables": null,
                "set": null,
                "ignoreNumber": null,
                "replaceIgnore": null,
                "linesRows": null,
                "options": {
                    "@type": "PhpMyAdmin\\SqlParser\\Components\\OptionsArray",
                    "options": {
                        "1": "CONCURRENT"
                    }
                },
                "first": 0,
                "last": 12
            }
        ],
        "brackets": 0
    },
    "errors": {
        "lexer": [],
        "parser": []
    }
}