{
    "query": "DELIMITER $$\nCREATE PROCEDURE P_TEST(uid INT)\nBEGIN\n    SELECT username FROM users WHERE ID = uid;\nEND",
    "lexer": {
        "@type": "PhpMyAdmin\\SqlParser\\Lexer",
        "strict": false,
        "errors": [],
        "str": "DELIMITER $$\nCREATE PROCEDURE P_TEST(uid INT)\nBEGIN\n    SELECT username FROM users WHERE ID = uid;\nEND",
        "len": 102,
        "last": 102,
        "list": {
            "@type": "PhpMyAdmin\\SqlParser\\TokensList",
            "count": 36,
            "idx": 36,
            "tokens": [
                {
                    "@type": "PhpMyAdmin\\SqlParser\\Token",
                    "token": "DELIMITER",
                    "value": "DELIMITER",
                    "keyword": null,
                    "type": {
                        "@type": "PhpMyAdmin\\SqlParser\\TokenType",
                        "name": "None",
                        "value": 0
                    },
                    "flags": 0,
                    "position": 0
                },
                {
                    "@type": "PhpMyAdmin\\SqlParser\\Token",
                    "token": " ",
                    "value": " ",
                    "keyword": null,
                    "type": {
                        "@type": "PhpMyAdmin\\SqlParser\\TokenType",
                        "name": "Whitespace",
                        "value": 3
                    },
                    "flags": 0,
                    "position": 9
                },
                {
                    "@type": "PhpMyAdmin\\SqlParser\\Token",
                    "token": "$$",
                    "value": "$$",
                    "keyword": null,
                    "type": {
                        "@type": "PhpMyAdmin\\SqlParser\\TokenType",
                        "name": "Delimiter",
                        "value": 9
                    },
                    "flags": 0,
                    "position": 10
                },
                {
                    "@type": "PhpMyAdmin\\SqlParser\\Token",
                    "token": "\n",
                    "value": " ",
                    "keyword": null,
                    "type": {
                        "@type": "@5"
                    },
                    "flags": 0,
                    "position": 12
                },
                {
                    "@type": "PhpMyAdmin\\SqlParser\\Token",
                    "token": "CREATE",
                    "value": "CREATE",
                    "keyword": "CREATE",
                    "type": {
                        "@type": "PhpMyAdmin\\SqlParser\\TokenType",
                        "name": "Keyword",
                        "value": 1
                    },
                    "flags": 3,
                    "position": 13
                },
                {
                    "@type": "PhpMyAdmin\\SqlParser\\Token",
                    "token": " ",
                    "value": " ",
                    "keyword": null,
                    "type": {
                        "@type": "@5"
                    },
                    "flags": 0,
                    "position": 19
                },
                {
                    "@type": "PhpMyAdmin\\SqlParser\\Token",
                    "token": "PROCEDURE",
                    "value": "PROCEDURE",
                    "keyword": "PROCEDURE",
                    "type": {
                        "@type": "@10"
                    },
                    "flags": 3,
                    "position": 20
                },
                {
                    "@type": "PhpMyAdmin\\SqlParser\\Token",
                    "token": " ",
                    "value": " ",
                    "keyword": null,
                    "type": {
                        "@type": "@5"
                    },
                    "flags": 0,
                    "position": 29
                },
                {
                    "@type": "PhpMyAdmin\\SqlParser\\Token",
                    "token": "P_TEST",
                    "value": "P_TEST",
                    "keyword": null,
                    "type": {
                        "@type": "@3"
                    },
                    "flags": 0,
                    "position": 30
                },
                {
                    "@type": "PhpMyAdmin\\SqlParser\\Token",
                    "token": "(",
                    "value": "(",
                    "keyword": null,
                    "type": {
                        "@type": "PhpMyAdmin\\SqlParser\\TokenType",
                        "name": "Operator",
                        "value": 2
                    },
                    "flags": 16,
                    "position": 36
                },
                {
                    "@type": "PhpMyAdmin\\SqlParser\\Token",
                    "token": "uid",
                    "value": "uid",
                    "keyword": null,
                    "type": {
                        "@type": "@3"
                    },
                    "flags": 0,
                    "position": 37
                },
                {
                    "@type": "PhpMyAdmin\\SqlParser\\Token",
                    "token": " ",
                    "value": " ",
                    "keyword": null,
                    "type": {
                        "@type": "@5"
                    },
                    "flags": 0,
                    "position": 40
                },
                {
                    "@type": "PhpMyAdmin\\SqlParser\\Token",
                    "token": "INT",
                    "value": "INT",
                    "keyword": "INT",
                    "type": {
                        "@type": "@10"
                    },
                    "flags": 11,
                    "position": 41
                },
                {
                    "@type": "PhpMyAdmin\\SqlParser\\Token",
                    "token": ")",
                    "value": ")",
                    "keyword": null,
                    "type": {
                        "@type": "@16"
                    },
                    "flags": 16,
                    "position": 44
                },
                {
                    "@type": "PhpMyAdmin\\SqlParser\\Token",
                    "token": "\n",
                    "value": " ",
                    "keyword": null,
                    "type": {
                        "@type": "@5"
                    },
                    "flags": 0,
                    "position": 45
                },
                {
                    "@type": "PhpMyAdmin\\SqlParser\\Token",
                    "token": "BEGIN",
                    "value": "BEGIN",
                    "keyword": "BEGIN",
                    "type": {
                        "@type": "@10"
                    },
                    "flags": 1,
                    "position": 46
                },
                {
                    "@type": "PhpMyAdmin\\SqlParser\\Token",
                    "token": "\n    ",
                    "value": " ",
                    "keyword": null,
                    "type": {
                        "@type": "@5"
                    },
                    "flags": 0,
                    "position": 51
                },
                {
                    "@type": "PhpMyAdmin\\SqlParser\\Token",
                    "token": "SELECT",
                    "value": "SELECT",
                    "keyword": "SELECT",
                    "type": {
                        "@type": "@10"
                    },
                    "flags": 3,
                    "position": 56
                },
                {
                    "@type": "PhpMyAdmin\\SqlParser\\Token",
                    "token": " ",
                    "value": " ",
                    "keyword": null,
                    "type": {
                        "@type": "@5"
                    },
                    "flags": 0,
                    "position": 62
                },
                {
                    "@type": "PhpMyAdmin\\SqlParser\\Token",
                    "token": "username",
                    "value": "username",
                    "keyword": null,
                    "type": {
                        "@type": "@3"
                    },
                    "flags": 0,
                    "position": 63
                },
                {
                    "@type": "PhpMyAdmin\\SqlParser\\Token",
                    "token": " ",
                    "value": " ",
                    "keyword": null,
                    "type": {
                        "@type": "@5"
                    },
                    "flags": 0,
                    "position": 71
                },
                {
                    "@type": "PhpMyAdmin\\SqlParser\\Token",
                    "token": "FROM",
                    "value": "FROM",
                    "keyword": "FROM",
                    "type": {
                        "@type": "@10"
                    },
                    "flags": 3,
                    "position": 72
                },
                {
                    "@type": "PhpMyAdmin\\SqlParser\\Token",
                    "token": " ",
                    "value": " ",
                    "keyword": null,
                    "type": {
                        "@type": "@5"
                    },
                    "flags": 0,
                    "position": 76
                },
                {
                    "@type": "PhpMyAdmin\\SqlParser\\Token",
                    "token": "users",
                    "value": "users",
                    "keyword": null,
                    "type": {
                        "@type": "@3"
                    },
                    "flags": 0,
                    "position": 77
                },
                {
                    "@type": "PhpMyAdmin\\SqlParser\\Token",
                    "token": " ",
                    "value": " ",
                    "keyword": null,
                    "type": {
                        "@type": "@5"
                    },
                    "flags": 0,
                    "position": 82
                },
                {
                    "@type": "PhpMyAdmin\\SqlParser\\Token",
                    "token": "WHERE",
                    "value": "WHERE",
                    "keyword": "WHERE",
                    "type": {
                        "@type": "@10"
                    },
                    "flags": 3,
                    "position": 83
                },
                {
                    "@type": "PhpMyAdmin\\SqlParser\\Token",
                    "token": " ",
                    "value": " ",
                    "keyword": null,
                    "type": {
                        "@type": "@5"
                    },
                    "flags": 0,
                    "position": 88
                },
                {
                    "@type": "PhpMyAdmin\\SqlParser\\Token",
                    "token": "ID",
                    "value": "ID",
                    "keyword": null,
                    "type": {
                        "@type": "@3"
                    },
                    "flags": 0,
                    "position": 89
                },
                {
                    "@type": "PhpMyAdmin\\SqlParser\\Token",
                    "token": " ",
                    "value": " ",
                    "keyword": null,
                    "type": {
                        "@type": "@5"
                    },
                    "flags": 0,
                    "position": 91
                },
                {
                    "@type": "PhpMyAdmin\\SqlParser\\Token",
                    "token": "=",
                    "value": "=",
                    "keyword": null,
                    "type": {
                        "@type": "@16"
                    },
                    "flags": 2,
                    "position": 92
                },
                {
                    "@type": "PhpMyAdmin\\SqlParser\\Token",
                    "token": " ",
                    "value": " ",
                    "keyword": null,
                    "type": {
                        "@type": "@5"
                    },
                    "flags": 0,
                    "position": 93
                },
                {
                    "@type": "PhpMyAdmin\\SqlParser\\Token",
                    "token": "uid",
                    "value": "uid",
                    "keyword": null,
                    "type": {
                        "@type": "@3"
                    },
                    "flags": 0,
                    "position": 94
                },
                {
                    "@type": "PhpMyAdmin\\SqlParser\\Token",
                    "token": ";",
                    "value": ";",
                    "keyword": null,
                    "type": {
                        "@type": "@16"
                    },
                    "flags": 16,
                    "position": 97
                },
                {
                    "@type": "PhpMyAdmin\\SqlParser\\Token",
                    "token": "\n",
                    "value": " ",
                    "keyword": null,
                    "type": {
                        "@type": "@5"
                    },
                    "flags": 0,
                    "position": 98
                },
                {
                    "@type": "PhpMyAdmin\\SqlParser\\Token",
                    "token": "END",
                    "value": "END",
                    "keyword": "END",
                    "type": {
                        "@type": "@10"
                    },
                    "flags": 1,
                    "position": 99
                },
                {
                    "@type": "PhpMyAdmin\\SqlParser\\Token",
                    "token": null,
                    "value": null,
                    "keyword": null,
                    "type": {
                        "@type": "@7"
                    },
                    "flags": 0,
                    "position": null
                }
            ]
        },
        "delimiter": "$$",
        "delimiterLen": 2
    },
    "parser": {
        "@type": "PhpMyAdmin\\SqlParser\\Parser",
        "strict": false,
        "errors": [],
        "list": {
            "@type": "@1"
        },
        "statements": [
            {
                "@type": "PhpMyAdmin\\SqlParser\\Statements\\CreateStatement",
                "name": {
                    "@type": "PhpMyAdmin\\SqlParser\\Components\\Expression",
                    "database": null,
                    "table": "P_TEST",
                    "column": null,
                    "expr": "P_TEST",
                    "alias": null,
                    "function": null,
                    "subquery": null
                },
                "entityOptions": {
                    "@type": "PhpMyAdmin\\SqlParser\\Components\\OptionsArray",
                    "options": []
                },
                "fields": null,
                "with": null,
                "select": null,
                "like": null,
                "partitionBy": null,
                "partitionsNum": null,
                "subpartitionBy": null,
                "subpartitionsNum": null,
                "partitions": null,
                "table": null,
                "return": null,
                "parameters": [
                    {
                        "@type": "PhpMyAdmin\\SqlParser\\Components\\ParameterDefinition",
                        "name": "uid",
                        "inOut": null,
                        "type": {
                            "@type": "PhpMyAdmin\\SqlParser\\Components\\DataType",
                            "name": "INT",
                            "parameters": [],
                            "options": {
                                "@type": "PhpMyAdmin\\SqlParser\\Components\\OptionsArray",
                                "options": []
                            },
                            "lowercase": false
                        }
                    }
                ],
                "body": [
                    {
                        "@type": "@22"
                    },
                    {
                        "@type": "@23"
                    },
                    {
                        "@type": "@24"
                    },
                    {
                        "@type": "@25"
                    },
                    {
                        "@type": "@26"
                    },
                    {
                        "@type": "@27"
                    },
                    {
                        "@type": "@28"
                    },
                    {
                        "@type": "@29"
                    },
                    {
                        "@type": "@30"
                    },
                    {
                        "@type": "@31"
                    },
                    {
                        "@type": "@32"
                    },
                    {
                        "@type": "@33"
                    },
                    {
                        "@type": "@34"
                    },
                    {
                        "@type": "@35"
                    },
                    {
                        "@type": "@36"
                    },
                    {
                        "@type": "@37"
                    },
                    {
                        "@type": "@38"
                    },
                    {
                        "@type": "@39"
                    },
                    {
                        "@type": "@40"
                    },
                    {
                        "@type": "@41"
                    }
                ],
                "options": {
                    "@type": "PhpMyAdmin\\SqlParser\\Components\\OptionsArray",
                    "options": {
                        "6": "PROCEDURE"
                    }
                },
                "first": 4,
                "last": 35
            }
        ],
        "brackets": 0
    },
    "errors": {
        "lexer": [],
        "parser": []
    }
}