{
    "query": "ALTER USER 'testosama' REQUIRE SSL WITH MAX_CONNECTIONS_PER_HOUR 20;",
    "lexer": {
        "@type": "PhpMyAdmin\\SqlParser\\Lexer",
        "strict": false,
        "errors": [],
        "str": "ALTER USER 'testosama' REQUIRE SSL WITH MAX_CONNECTIONS_PER_HOUR 20;",
        "len": 68,
        "last": 68,
        "list": {
            "@type": "PhpMyAdmin\\SqlParser\\TokensList",
            "count": 17,
            "idx": 17,
            "tokens": [
                {
                    "@type": "PhpMyAdmin\\SqlParser\\Token",
                    "token": "ALTER",
                    "value": "ALTER",
                    "keyword": "ALTER",
                    "type": {
                        "@type": "PhpMyAdmin\\SqlParser\\TokenType",
                        "name": "Keyword",
                        "value": 1
                    },
                    "flags": 3,
                    "position": 0
                },
                {
                    "@type": "PhpMyAdmin\\SqlParser\\Token",
                    "token": " ",
                    "value": " ",
                    "keyword": null,
                    "type": {
                        "@type": "PhpMyAdmin\\SqlParser\\TokenType",
                        "name": "Whitespace",
                        "value": 3
                    },
                    "flags": 0,
                    "position": 5
                },
                {
                    "@type": "PhpMyAdmin\\SqlParser\\Token",
                    "token": "USER",
                    "value": "USER",
                    "keyword": "USER",
                    "type": {
                        "@type": "@3"
                    },
                    "flags": 33,
                    "position": 6
                },
                {
                    "@type": "PhpMyAdmin\\SqlParser\\Token",
                    "token": " ",
                    "value": " ",
                    "keyword": null,
                    "type": {
                        "@type": "@5"
                    },
                    "flags": 0,
                    "position": 10
                },
                {
                    "@type": "PhpMyAdmin\\SqlParser\\Token",
                    "token": "'testosama'",
                    "value": "testosama",
                    "keyword": null,
                    "type": {
                        "@type": "PhpMyAdmin\\SqlParser\\TokenType",
                        "name": "String",
                        "value": 7
                    },
                    "flags": 1,
                    "position": 11
                },
                {
                    "@type": "PhpMyAdmin\\SqlParser\\Token",
                    "token": " ",
                    "value": " ",
                    "keyword": null,
                    "type": {
                        "@type": "@5"
                    },
                    "flags": 0,
                    "position": 22
                },
                {
                    "@type": "PhpMyAdmin\\SqlParser\\Token",
                    "token": "REQUIRE",
                    "value": "REQUIRE",
                    "keyword": "REQUIRE",
                    "type": {
                        "@type": "@3"
                    },
                    "flags": 3,
                    "position": 23
                },
                {
                    "@type": "PhpMyAdmin\\SqlParser\\Token",
                    "token": " ",
                    "value": " ",
                    "keyword": null,
                    "type": {
                        "@type": "@5"
                    },
                    "flags": 0,
                    "position": 30
                },
                {
                    "@type": "PhpMyAdmin\\SqlParser\\Token",
                    "token": "SSL",
                    "value": "SSL",
                    "keyword": "SSL",
                    "type": {
                        "@type": "@3"
                    },
                    "flags": 3,
                    "position": 31
                },
                {
                    "@type": "PhpMyAdmin\\SqlParser\\Token",
                    "token": " ",
                    "value": " ",
                    "keyword": null,
                    "type": {
                        "@type": "@5"
                    },
                    "flags": 0,
                    "position": 34
                },
                {
                    "@type": "PhpMyAdmin\\SqlParser\\Token",
                    "token": "WITH",
                    "value": "WITH",
                    "keyword": "WITH",
                    "type": {
                        "@type": "@3"
                    },
                    "flags": 3,
                    "position": 35
                },
                {
                    "@type": "PhpMyAdmin\\SqlParser\\Token",
                    "token": " ",
                    "value": " ",
                    "keyword": null,
                    "type": {
                        "@type": "@5"
                    },
                    "flags": 0,
                    "position": 39
                },
                {
                    "@type": "PhpMyAdmin\\SqlParser\\Token",
                    "token": "MAX_CONNECTIONS_PER_HOUR",
                    "value": "MAX_CONNECTIONS_PER_HOUR",
                    "keyword": "MAX_CONNECTIONS_PER_HOUR",
                    "type": {
                        "@type": "@3"
                    },
                    "flags": 1,
                    "position": 40
                },
                {
                    "@type": "PhpMyAdmin\\SqlParser\\Token",
                    "token": " ",
                    "value": " ",
                    "keyword": null,
                    "type": {
                        "@type": "@5"
                    },
                    "flags": 0,
                    "position": 64
                },
                {
                    "@type": "PhpMyAdmin\\SqlParser\\Token",
                    "token": "20",
                    "value": 20,
                    "keyword": null,
                    "type": {
                        "@type": "PhpMyAdmin\\SqlParser\\TokenType",
                        "name": "Number",
                        "value": 6
                    },
                    "flags": 0,
                    "position": 65
                },
                {
                    "@type": "PhpMyAdmin\\SqlParser\\Token",
                    "token": ";",
                    "value": ";",
                    "keyword": null,
                    "type": {
                        "@type": "PhpMyAdmin\\SqlParser\\TokenType",
                        "name": "Delimiter",
                        "value": 9
                    },
                    "flags": 0,
                    "position": 67
                },
                {
                    "@type": "PhpMyAdmin\\SqlParser\\Token",
                    "token": "",
                    "value": "",
                    "keyword": null,
                    "type": {
                        "@type": "@22"
                    },
                    "flags": 0,
                    "position": null
                }
            ]
        },
        "delimiter": ";",
        "delimiterLen": 1
    },
    "parser": {
        "@type": "PhpMyAdmin\\SqlParser\\Parser",
        "strict": false,
        "errors": [],
        "list": {
            "@type": "@1"
        },
        "statements": [
            {
                "@type": "PhpMyAdmin\\SqlParser\\Statements\\AlterStatement",
                "table": {
                    "@type": "PhpMyAdmin\\SqlParser\\Components\\Expression",
                    "database": null,
                    "table": "testosama",
                    "column": null,
                    "expr": "'testosama'",
                    "alias": null,
                    "function": null,
                    "subquery": null
                },
                "altered": [
                    {
                        "@type": "PhpMyAdmin\\SqlParser\\Components\\AlterOperation",
                        "options": {
                            "@type": "PhpMyAdmin\\SqlParser\\Components\\OptionsArray",
                            "options": {
                                "1": {
                                    "name": "REQUIRE",
                                    "equals": false,
                                    "expr": "SSL",
                                    "value": "SSL"
                                },
                                "2": {
                                    "name": "WITH",
                                    "equals": false,
                                    "expr": "MAX_CONNECTIONS_PER_HOUR",
                                    "value": "MAX_CONNECTIONS_PER_HOUR"
                                }
                            }
                        },
                        "field": null,
                        "partitions": null,
                        "unknown": [
                            {
                                "@type": "@19"
                            }
                        ]
                    }
                ],
                "options": {
                    "@type": "PhpMyAdmin\\SqlParser\\Components\\OptionsArray",
                    "options": {
                        "3": "USER"
                    }
                },
                "first": 0,
                "last": 15
            }
        ],
        "brackets": 0
    },
    "errors": {
        "lexer": [],
        "parser": []
    }
}