{
    "query": "UNLOCK TABLES abc;",
    "lexer": {
        "@type": "PhpMyAdmin\\SqlParser\\Lexer",
        "strict": false,
        "errors": [],
        "str": "UNLOCK TABLES abc;",
        "len": 18,
        "last": 18,
        "list": {
            "@type": "PhpMyAdmin\\SqlParser\\TokensList",
            "count": 7,
            "idx": 7,
            "tokens": [
                {
                    "@type": "PhpMyAdmin\\SqlParser\\Token",
                    "token": "UNLOCK",
                    "value": "UNLOCK",
                    "keyword": "UNLOCK",
                    "type": {
                        "@type": "PhpMyAdmin\\SqlParser\\TokenType",
                        "name": "Keyword",
                        "value": 1
                    },
                    "flags": 3,
                    "position": 0
                },
                {
                    "@type": "PhpMyAdmin\\SqlParser\\Token",
                    "token": " ",
                    "value": " ",
                    "keyword": null,
                    "type": {
                        "@type": "PhpMyAdmin\\SqlParser\\TokenType",
                        "name": "Whitespace",
                        "value": 3
                    },
                    "flags": 0,
                    "position": 6
                },
                {
                    "@type": "PhpMyAdmin\\SqlParser\\Token",
                    "token": "TABLES",
                    "value": "TABLES",
                    "keyword": "TABLES",
                    "type": {
                        "@type": "@3"
                    },
                    "flags": 1,
                    "position": 7
                },
                {
                    "@type": "PhpMyAdmin\\SqlParser\\Token",
                    "token": " ",
                    "value": " ",
                    "keyword": null,
                    "type": {
                        "@type": "@5"
                    },
                    "flags": 0,
                    "position": 13
                },
                {
                    "@type": "PhpMyAdmin\\SqlParser\\Token",
                    "token": "abc",
                    "value": "abc",
                    "keyword": null,
                    "type": {
                        "@type": "PhpMyAdmin\\SqlParser\\TokenType",
                        "name": "None",
                        "value": 0
                    },
                    "flags": 0,
                    "position": 14
                },
                {
                    "@type": "PhpMyAdmin\\SqlParser\\Token",
                    "token": ";",
                    "value": ";",
                    "keyword": null,
                    "type": {
                        "@type": "PhpMyAdmin\\SqlParser\\TokenType",
                        "name": "Delimiter",
                        "value": 9
                    },
                    "flags": 0,
                    "position": 17
                },
                {
                    "@type": "PhpMyAdmin\\SqlParser\\Token",
                    "token": "",
                    "value": "",
                    "keyword": null,
                    "type": {
                        "@type": "@11"
                    },
                    "flags": 0,
                    "position": null
                }
            ]
        },
        "delimiter": ";",
        "delimiterLen": 1
    },
    "parser": {
        "@type": "PhpMyAdmin\\SqlParser\\Parser",
        "strict": false,
        "errors": [],
        "list": {
            "@type": "@1"
        },
        "statements": [
            {
                "@type": "PhpMyAdmin\\SqlParser\\Statements\\LockStatement",
                "locked": [],
                "isLock": false,
                "options": null,
                "first": 0,
                "last": 4
            }
        ],
        "brackets": 0
    },
    "errors": {
        "lexer": [],
        "parser": [
            [
                "Unexpected token.",
                {
                    "@type": "@8"
                },
                0
            ]
        ]
    }
}