{
    "query": "CREATE table table_name WITH cte (col1) AS ( SELECT 1 UNION ALL SELECT 2 ) SELECT col1 FROM cte",
    "lexer": {
        "@type": "PhpMyAdmin\\SqlParser\\Lexer",
        "strict": false,
        "errors": [],
        "str": "CREATE table table_name WITH cte (col1) AS ( SELECT 1 UNION ALL SELECT 2 ) SELECT col1 FROM cte",
        "len": 95,
        "last": 95,
        "list": {
            "@type": "PhpMyAdmin\\SqlParser\\TokensList",
            "count": 38,
            "idx": 38,
            "tokens": [
                {
                    "@type": "PhpMyAdmin\\SqlParser\\Token",
                    "token": "CREATE",
                    "value": "CREATE",
                    "keyword": "CREATE",
                    "type": {
                        "@type": "PhpMyAdmin\\SqlParser\\TokenType",
                        "name": "Keyword",
                        "value": 1
                    },
                    "flags": 3,
                    "position": 0
                },
                {
                    "@type": "PhpMyAdmin\\SqlParser\\Token",
                    "token": " ",
                    "value": " ",
                    "keyword": null,
                    "type": {
                        "@type": "PhpMyAdmin\\SqlParser\\TokenType",
                        "name": "Whitespace",
                        "value": 3
                    },
                    "flags": 0,
                    "position": 6
                },
                {
                    "@type": "PhpMyAdmin\\SqlParser\\Token",
                    "token": "table",
                    "value": "TABLE",
                    "keyword": "TABLE",
                    "type": {
                        "@type": "@3"
                    },
                    "flags": 3,
                    "position": 7
                },
                {
                    "@type": "PhpMyAdmin\\SqlParser\\Token",
                    "token": " ",
                    "value": " ",
                    "keyword": null,
                    "type": {
                        "@type": "@5"
                    },
                    "flags": 0,
                    "position": 12
                },
                {
                    "@type": "PhpMyAdmin\\SqlParser\\Token",
                    "token": "table_name",
                    "value": "table_name",
                    "keyword": "TABLE_NAME",
                    "type": {
                        "@type": "@3"
                    },
                    "flags": 1,
                    "position": 13
                },
                {
                    "@type": "PhpMyAdmin\\SqlParser\\Token",
                    "token": " ",
                    "value": " ",
                    "keyword": null,
                    "type": {
                        "@type": "@5"
                    },
                    "flags": 0,
                    "position": 23
                },
                {
                    "@type": "PhpMyAdmin\\SqlParser\\Token",
                    "token": "WITH",
                    "value": "WITH",
                    "keyword": "WITH",
                    "type": {
                        "@type": "@3"
                    },
                    "flags": 3,
                    "position": 24
                },
                {
                    "@type": "PhpMyAdmin\\SqlParser\\Token",
                    "token": " ",
                    "value": " ",
                    "keyword": null,
                    "type": {
                        "@type": "@5"
                    },
                    "flags": 0,
                    "position": 28
                },
                {
                    "@type": "PhpMyAdmin\\SqlParser\\Token",
                    "token": "cte",
                    "value": "cte",
                    "keyword": null,
                    "type": {
                        "@type": "PhpMyAdmin\\SqlParser\\TokenType",
                        "name": "None",
                        "value": 0
                    },
                    "flags": 0,
                    "position": 29
                },
                {
                    "@type": "PhpMyAdmin\\SqlParser\\Token",
                    "token": " ",
                    "value": " ",
                    "keyword": null,
                    "type": {
                        "@type": "@5"
                    },
                    "flags": 0,
                    "position": 32
                },
                {
                    "@type": "PhpMyAdmin\\SqlParser\\Token",
                    "token": "(",
                    "value": "(",
                    "keyword": null,
                    "type": {
                        "@type": "PhpMyAdmin\\SqlParser\\TokenType",
                        "name": "Operator",
                        "value": 2
                    },
                    "flags": 16,
                    "position": 33
                },
                {
                    "@type": "PhpMyAdmin\\SqlParser\\Token",
                    "token": "col1",
                    "value": "col1",
                    "keyword": null,
                    "type": {
                        "@type": "@13"
                    },
                    "flags": 0,
                    "position": 34
                },
                {
                    "@type": "PhpMyAdmin\\SqlParser\\Token",
                    "token": ")",
                    "value": ")",
                    "keyword": null,
                    "type": {
                        "@type": "@16"
                    },
                    "flags": 16,
                    "position": 38
                },
                {
                    "@type": "PhpMyAdmin\\SqlParser\\Token",
                    "token": " ",
                    "value": " ",
                    "keyword": null,
                    "type": {
                        "@type": "@5"
                    },
                    "flags": 0,
                    "position": 39
                },
                {
                    "@type": "PhpMyAdmin\\SqlParser\\Token",
                    "token": "AS",
                    "value": "AS",
                    "keyword": "AS",
                    "type": {
                        "@type": "@3"
                    },
                    "flags": 3,
                    "position": 40
                },
                {
                    "@type": "PhpMyAdmin\\SqlParser\\Token",
                    "token": " ",
                    "value": " ",
                    "keyword": null,
                    "type": {
                        "@type": "@5"
                    },
                    "flags": 0,
                    "position": 42
                },
                {
                    "@type": "PhpMyAdmin\\SqlParser\\Token",
                    "token": "(",
                    "value": "(",
                    "keyword": null,
                    "type": {
                        "@type": "@16"
                    },
                    "flags": 16,
                    "position": 43
                },
                {
                    "@type": "PhpMyAdmin\\SqlParser\\Token",
                    "token": " ",
                    "value": " ",
                    "keyword": null,
                    "type": {
                        "@type": "@5"
                    },
                    "flags": 0,
                    "position": 44
                },
                {
                    "@type": "PhpMyAdmin\\SqlParser\\Token",
                    "token": "SELECT",
                    "value": "SELECT",
                    "keyword": "SELECT",
                    "type": {
                        "@type": "@3"
                    },
                    "flags": 3,
                    "position": 45
                },
                {
                    "@type": "PhpMyAdmin\\SqlParser\\Token",
                    "token": " ",
                    "value": " ",
                    "keyword": null,
                    "type": {
                        "@type": "@5"
                    },
                    "flags": 0,
                    "position": 51
                },
                {
                    "@type": "PhpMyAdmin\\SqlParser\\Token",
                    "token": "1",
                    "value": 1,
                    "keyword": null,
                    "type": {
                        "@type": "PhpMyAdmin\\SqlParser\\TokenType",
                        "name": "Number",
                        "value": 6
                    },
                    "flags": 0,
                    "position": 52
                },
                {
                    "@type": "PhpMyAdmin\\SqlParser\\Token",
                    "token": " ",
                    "value": " ",
                    "keyword": null,
                    "type": {
                        "@type": "@5"
                    },
                    "flags": 0,
                    "position": 53
                },
                {
                    "@type": "PhpMyAdmin\\SqlParser\\Token",
                    "token": "UNION ALL",
                    "value": "UNION ALL",
                    "keyword": "UNION ALL",
                    "type": {
                        "@type": "@3"
                    },
                    "flags": 7,
                    "position": 54
                },
                {
                    "@type": "PhpMyAdmin\\SqlParser\\Token",
                    "token": " ",
                    "value": " ",
                    "keyword": null,
                    "type": {
                        "@type": "@5"
                    },
                    "flags": 0,
                    "position": 63
                },
                {
                    "@type": "PhpMyAdmin\\SqlParser\\Token",
                    "token": "SELECT",
                    "value": "SELECT",
                    "keyword": "SELECT",
                    "type": {
                        "@type": "@3"
                    },
                    "flags": 3,
                    "position": 64
                },
                {
                    "@type": "PhpMyAdmin\\SqlParser\\Token",
                    "token": " ",
                    "value": " ",
                    "keyword": null,
                    "type": {
                        "@type": "@5"
                    },
                    "flags": 0,
                    "position": 70
                },
                {
                    "@type": "PhpMyAdmin\\SqlParser\\Token",
                    "token": "2",
                    "value": 2,
                    "keyword": null,
                    "type": {
                        "@type": "@27"
                    },
                    "flags": 0,
                    "position": 71
                },
                {
                    "@type": "PhpMyAdmin\\SqlParser\\Token",
                    "token": " ",
                    "value": " ",
                    "keyword": null,
                    "type": {
                        "@type": "@5"
                    },
                    "flags": 0,
                    "position": 72
                },
                {
                    "@type": "PhpMyAdmin\\SqlParser\\Token",
                    "token": ")",
                    "value": ")",
                    "keyword": null,
                    "type": {
                        "@type": "@16"
                    },
                    "flags": 16,
                    "position": 73
                },
                {
                    "@type": "PhpMyAdmin\\SqlParser\\Token",
                    "token": " ",
                    "value": " ",
                    "keyword": null,
                    "type": {
                        "@type": "@5"
                    },
                    "flags": 0,
                    "position": 74
                },
                {
                    "@type": "PhpMyAdmin\\SqlParser\\Token",
                    "token": "SELECT",
                    "value": "SELECT",
                    "keyword": "SELECT",
                    "type": {
                        "@type": "@3"
                    },
                    "flags": 3,
                    "position": 75
                },
                {
                    "@type": "PhpMyAdmin\\SqlParser\\Token",
                    "token": " ",
                    "value": " ",
                    "keyword": null,
                    "type": {
                        "@type": "@5"
                    },
                    "flags": 0,
                    "position": 81
                },
                {
                    "@type": "PhpMyAdmin\\SqlParser\\Token",
                    "token": "col1",
                    "value": "col1",
                    "keyword": null,
                    "type": {
                        "@type": "@13"
                    },
                    "flags": 0,
                    "position": 82
                },
                {
                    "@type": "PhpMyAdmin\\SqlParser\\Token",
                    "token": " ",
                    "value": " ",
                    "keyword": null,
                    "type": {
                        "@type": "@5"
                    },
                    "flags": 0,
                    "position": 86
                },
                {
                    "@type": "PhpMyAdmin\\SqlParser\\Token",
                    "token": "FROM",
                    "value": "FROM",
                    "keyword": "FROM",
                    "type": {
                        "@type": "@3"
                    },
                    "flags": 3,
                    "position": 87
                },
                {
                    "@type": "PhpMyAdmin\\SqlParser\\Token",
                    "token": " ",
                    "value": " ",
                    "keyword": null,
                    "type": {
                        "@type": "@5"
                    },
                    "flags": 0,
                    "position": 91
                },
                {
                    "@type": "PhpMyAdmin\\SqlParser\\Token",
                    "token": "cte",
                    "value": "cte",
                    "keyword": null,
                    "type": {
                        "@type": "@13"
                    },
                    "flags": 0,
                    "position": 92
                },
                {
                    "@type": "PhpMyAdmin\\SqlParser\\Token",
                    "token": "",
                    "value": "",
                    "keyword": null,
                    "type": {
                        "@type": "PhpMyAdmin\\SqlParser\\TokenType",
                        "name": "Delimiter",
                        "value": 9
                    },
                    "flags": 0,
                    "position": null
                }
            ]
        },
        "delimiter": ";",
        "delimiterLen": 1
    },
    "parser": {
        "@type": "PhpMyAdmin\\SqlParser\\Parser",
        "strict": false,
        "errors": [],
        "list": {
            "@type": "@1"
        },
        "statements": [
            {
                "@type": "PhpMyAdmin\\SqlParser\\Statements\\CreateStatement",
                "name": {
                    "@type": "PhpMyAdmin\\SqlParser\\Components\\Expression",
                    "database": null,
                    "table": "table_name",
                    "column": null,
                    "expr": "table_name",
                    "alias": null,
                    "function": null,
                    "subquery": null
                },
                "entityOptions": null,
                "fields": null,
                "with": {
                    "@type": "PhpMyAdmin\\SqlParser\\Statements\\WithStatement",
                    "withers": {
                        "cte": {
                            "@type": "PhpMyAdmin\\SqlParser\\Components\\WithKeyword",
                            "columns": [
                                {
                                    "@type": "PhpMyAdmin\\SqlParser\\Components\\ArrayObj",
                                    "raw": [
                                        "col1"
                                    ],
                                    "values": [
                                        "col1"
                                    ]
                                }
                            ],
                            "statement": {
                                "@type": "PhpMyAdmin\\SqlParser\\Parser",
                                "strict": false,
                                "errors": [],
                                "list": {
                                    "@type": "PhpMyAdmin\\SqlParser\\TokensList",
                                    "count": 11,
                                    "idx": 11,
                                    "tokens": [
                                        {
                                            "@type": "@23"
                                        },
                                        {
                                            "@type": "@24"
                                        },
                                        {
                                            "@type": "@25"
                                        },
                                        {
                                            "@type": "@26"
                                        },
                                        {
                                            "@type": "@28"
                                        },
                                        {
                                            "@type": "@29"
                                        },
                                        {
                                            "@type": "@30"
                                        },
                                        {
                                            "@type": "@31"
                                        },
                                        {
                                            "@type": "@32"
                                        },
                                        {
                                            "@type": "@33"
                                        },
                                        {
                                            "@type": "@34"
                                        }
                                    ]
                                },
                                "statements": [
                                    {
                                        "@type": "PhpMyAdmin\\SqlParser\\Statements\\SelectStatement",
                                        "expr": [
                                            {
                                                "@type": "PhpMyAdmin\\SqlParser\\Components\\Expression",
                                                "database": null,
                                                "table": null,
                                                "column": null,
                                                "expr": "1",
                                                "alias": null,
                                                "function": null,
                                                "subquery": null
                                            }
                                        ],
                                        "from": [],
                                        "indexHints": null,
                                        "partition": null,
                                        "where": null,
                                        "group": null,
                                        "groupOptions": null,
                                        "having": null,
                                        "order": null,
                                        "limit": null,
                                        "procedure": null,
                                        "into": null,
                                        "join": null,
                                        "union": [
                                            [
                                                "UNION ALL",
                                                {
                                                    "@type": "PhpMyAdmin\\SqlParser\\Statements\\SelectStatement",
                                                    "expr": [
                                                        {
                                                            "@type": "PhpMyAdmin\\SqlParser\\Components\\Expression",
                                                            "database": null,
                                                            "table": null,
                                                            "column": null,
                                                            "expr": "2",
                                                            "alias": null,
                                                            "function": null,
                                                            "subquery": null
                                                        }
                                                    ],
                                                    "from": [],
                                                    "indexHints": null,
                                                    "partition": null,
                                                    "where": null,
                                                    "group": null,
                                                    "groupOptions": null,
                                                    "having": null,
                                                    "order": [],
                                                    "limit": null,
                                                    "procedure": null,
                                                    "into": null,
                                                    "join": null,
                                                    "union": [],
                                                    "endOptions": null,
                                                    "options": {
                                                        "@type": "PhpMyAdmin\\SqlParser\\Components\\OptionsArray",
                                                        "options": []
                                                    },
                                                    "first": 5,
                                                    "last": 10
                                                }
                                            ]
                                        ],
                                        "endOptions": null,
                                        "options": {
                                            "@type": "PhpMyAdmin\\SqlParser\\Components\\OptionsArray",
                                            "options": []
                                        },
                                        "first": 0,
                                        "last": 10
                                    }
                                ],
                                "brackets": 0
                            },
                            "name": "cte"
                        }
                    },
                    "cteStatementParser": {
                        "@type": "PhpMyAdmin\\SqlParser\\Parser",
                        "strict": false,
                        "errors": [],
                        "list": {
                            "@type": "PhpMyAdmin\\SqlParser\\TokensList",
                            "count": 8,
                            "idx": 8,
                            "tokens": [
                                {
                                    "@type": "@37"
                                },
                                {
                                    "@type": "@38"
                                },
                                {
                                    "@type": "@39"
                                },
                                {
                                    "@type": "@40"
                                },
                                {
                                    "@type": "@41"
                                },
                                {
                                    "@type": "@42"
                                },
                                {
                                    "@type": "@43"
                                },
                                {
                                    "@type": "@44"
                                }
                            ]
                        },
                        "statements": [
                            {
                                "@type": "PhpMyAdmin\\SqlParser\\Statements\\SelectStatement",
                                "expr": [
                                    {
                                        "@type": "PhpMyAdmin\\SqlParser\\Components\\Expression",
                                        "database": null,
                                        "table": null,
                                        "column": "col1",
                                        "expr": "col1",
                                        "alias": null,
                                        "function": null,
                                        "subquery": null
                                    }
                                ],
                                "from": [
                                    {
                                        "@type": "PhpMyAdmin\\SqlParser\\Components\\Expression",
                                        "database": null,
                                        "table": "cte",
                                        "column": null,
                                        "expr": "cte",
                                        "alias": null,
                                        "function": null,
                                        "subquery": null
                                    }
                                ],
                                "indexHints": null,
                                "partition": null,
                                "where": null,
                                "group": null,
                                "groupOptions": null,
                                "having": null,
                                "order": null,
                                "limit": null,
                                "procedure": null,
                                "into": null,
                                "join": null,
                                "union": [],
                                "endOptions": null,
                                "options": {
                                    "@type": "PhpMyAdmin\\SqlParser\\Components\\OptionsArray",
                                    "options": []
                                },
                                "first": 0,
                                "last": 6
                            }
                        ],
                        "brackets": 0
                    },
                    "options": {
                        "@type": "PhpMyAdmin\\SqlParser\\Components\\OptionsArray",
                        "options": []
                    },
                    "first": null,
                    "last": null
                },
                "select": null,
                "like": null,
                "partitionBy": null,
                "partitionsNum": null,
                "subpartitionBy": null,
                "subpartitionsNum": null,
                "partitions": null,
                "table": null,
                "return": null,
                "parameters": null,
                "body": [],
                "options": {
                    "@type": "PhpMyAdmin\\SqlParser\\Components\\OptionsArray",
                    "options": {
                        "6": "TABLE"
                    }
                },
                "first": 0,
                "last": 36
            }
        ],
        "brackets": 0
    },
    "errors": {
        "lexer": [],
        "parser": []
    }
}