{
    "query": "CREATE SCHEMA IF NOT EXISTS pma ENGINE='InnoDB' DEFAULT CHARSET 'utf8'",
    "lexer": {
        "@type": "PhpMyAdmin\\SqlParser\\Lexer",
        "strict": false,
        "errors": [],
        "str": "CREATE SCHEMA IF NOT EXISTS pma ENGINE='InnoDB' DEFAULT CHARSET 'utf8'",
        "len": 70,
        "last": 70,
        "list": {
            "@type": "PhpMyAdmin\\SqlParser\\TokensList",
            "count": 16,
            "idx": 17,
            "tokens": [
                {
                    "@type": "PhpMyAdmin\\SqlParser\\Token",
                    "token": "CREATE",
                    "value": "CREATE",
                    "keyword": "CREATE",
                    "type": {
                        "@type": "PhpMyAdmin\\SqlParser\\TokenType",
                        "name": "Keyword",
                        "value": 1
                    },
                    "flags": 3,
                    "position": 0
                },
                {
                    "@type": "PhpMyAdmin\\SqlParser\\Token",
                    "token": " ",
                    "value": " ",
                    "keyword": null,
                    "type": {
                        "@type": "PhpMyAdmin\\SqlParser\\TokenType",
                        "name": "Whitespace",
                        "value": 3
                    },
                    "flags": 0,
                    "position": 6
                },
                {
                    "@type": "PhpMyAdmin\\SqlParser\\Token",
                    "token": "SCHEMA",
                    "value": "SCHEMA",
                    "keyword": "SCHEMA",
                    "type": {
                        "@type": "@3"
                    },
                    "flags": 35,
                    "position": 7
                },
                {
                    "@type": "PhpMyAdmin\\SqlParser\\Token",
                    "token": " ",
                    "value": " ",
                    "keyword": null,
                    "type": {
                        "@type": "@5"
                    },
                    "flags": 0,
                    "position": 13
                },
                {
                    "@type": "PhpMyAdmin\\SqlParser\\Token",
                    "token": "IF NOT EXISTS",
                    "value": "IF NOT EXISTS",
                    "keyword": "IF NOT EXISTS",
                    "type": {
                        "@type": "@3"
                    },
                    "flags": 7,
                    "position": 14
                },
                {
                    "@type": "PhpMyAdmin\\SqlParser\\Token",
                    "token": " ",
                    "value": " ",
                    "keyword": null,
                    "type": {
                        "@type": "@5"
                    },
                    "flags": 0,
                    "position": 27
                },
                {
                    "@type": "PhpMyAdmin\\SqlParser\\Token",
                    "token": "pma",
                    "value": "pma",
                    "keyword": null,
                    "type": {
                        "@type": "PhpMyAdmin\\SqlParser\\TokenType",
                        "name": "None",
                        "value": 0
                    },
                    "flags": 0,
                    "position": 28
                },
                {
                    "@type": "PhpMyAdmin\\SqlParser\\Token",
                    "token": " ",
                    "value": " ",
                    "keyword": null,
                    "type": {
                        "@type": "@5"
                    },
                    "flags": 0,
                    "position": 31
                },
                {
                    "@type": "PhpMyAdmin\\SqlParser\\Token",
                    "token": "ENGINE",
                    "value": "ENGINE",
                    "keyword": "ENGINE",
                    "type": {
                        "@type": "@3"
                    },
                    "flags": 1,
                    "position": 32
                },
                {
                    "@type": "PhpMyAdmin\\SqlParser\\Token",
                    "token": "=",
                    "value": "=",
                    "keyword": null,
                    "type": {
                        "@type": "PhpMyAdmin\\SqlParser\\TokenType",
                        "name": "Operator",
                        "value": 2
                    },
                    "flags": 2,
                    "position": 38
                },
                {
                    "@type": "PhpMyAdmin\\SqlParser\\Token",
                    "token": "'InnoDB'",
                    "value": "InnoDB",
                    "keyword": null,
                    "type": {
                        "@type": "PhpMyAdmin\\SqlParser\\TokenType",
                        "name": "String",
                        "value": 7
                    },
                    "flags": 1,
                    "position": 39
                },
                {
                    "@type": "PhpMyAdmin\\SqlParser\\Token",
                    "token": " ",
                    "value": " ",
                    "keyword": null,
                    "type": {
                        "@type": "@5"
                    },
                    "flags": 0,
                    "position": 47
                },
                {
                    "@type": "PhpMyAdmin\\SqlParser\\Token",
                    "token": "DEFAULT CHARSET",
                    "value": "DEFAULT CHARSET",
                    "keyword": "DEFAULT CHARSET",
                    "type": {
                        "@type": "@3"
                    },
                    "flags": 7,
                    "position": 48
                },
                {
                    "@type": "PhpMyAdmin\\SqlParser\\Token",
                    "token": " ",
                    "value": " ",
                    "keyword": null,
                    "type": {
                        "@type": "@5"
                    },
                    "flags": 0,
                    "position": 63
                },
                {
                    "@type": "PhpMyAdmin\\SqlParser\\Token",
                    "token": "'utf8'",
                    "value": "utf8",
                    "keyword": null,
                    "type": {
                        "@type": "@17"
                    },
                    "flags": 1,
                    "position": 64
                },
                {
                    "@type": "PhpMyAdmin\\SqlParser\\Token",
                    "token": null,
                    "value": null,
                    "keyword": null,
                    "type": {
                        "@type": "PhpMyAdmin\\SqlParser\\TokenType",
                        "name": "Delimiter",
                        "value": 9
                    },
                    "flags": 0,
                    "position": null
                }
            ]
        },
        "delimiter": ";",
        "delimiterLen": 1
    },
    "parser": {
        "@type": "PhpMyAdmin\\SqlParser\\Parser",
        "strict": false,
        "errors": [],
        "list": {
            "@type": "@1"
        },
        "statements": [
            {
                "@type": "PhpMyAdmin\\SqlParser\\Statements\\CreateStatement",
                "name": {
                    "@type": "PhpMyAdmin\\SqlParser\\Components\\Expression",
                    "database": "pma",
                    "table": null,
                    "column": null,
                    "expr": "pma",
                    "alias": null,
                    "function": null,
                    "subquery": null
                },
                "entityOptions": {
                    "@type": "PhpMyAdmin\\SqlParser\\Components\\OptionsArray",
                    "options": []
                },
                "fields": null,
                "with": null,
                "select": null,
                "like": null,
                "partitionBy": null,
                "partitionsNum": null,
                "subpartitionBy": null,
                "subpartitionsNum": null,
                "partitions": null,
                "table": null,
                "return": null,
                "parameters": null,
                "body": [],
                "options": {
                    "@type": "PhpMyAdmin\\SqlParser\\Components\\OptionsArray",
                    "options": {
                        "6": "SCHEMA",
                        "7": "IF NOT EXISTS"
                    }
                },
                "first": 0,
                "last": 7
            }
        ],
        "brackets": 0
    },
    "errors": {
        "lexer": [],
        "parser": [
            [
                "Unrecognized statement type.",
                {
                    "@type": "@13"
                },
                0
            ]
        ]
    }
}