{
    "query": "DESC phpmyadmin.pma__users;",
    "lexer": {
        "@type": "PhpMyAdmin\\SqlParser\\Lexer",
        "strict": false,
        "errors": [],
        "str": "DESC phpmyadmin.pma__users;",
        "len": 27,
        "last": 27,
        "list": {
            "@type": "PhpMyAdmin\\SqlParser\\TokensList",
            "count": 7,
            "idx": 7,
            "tokens": [
                {
                    "@type": "PhpMyAdmin\\SqlParser\\Token",
                    "token": "DESC",
                    "value": "DESC",
                    "keyword": "DESC",
                    "type": {
                        "@type": "PhpMyAdmin\\SqlParser\\TokenType",
                        "name": "Keyword",
                        "value": 1
                    },
                    "flags": 3,
                    "position": 0
                },
                {
                    "@type": "PhpMyAdmin\\SqlParser\\Token",
                    "token": " ",
                    "value": " ",
                    "keyword": null,
                    "type": {
                        "@type": "PhpMyAdmin\\SqlParser\\TokenType",
                        "name": "Whitespace",
                        "value": 3
                    },
                    "flags": 0,
                    "position": 4
                },
                {
                    "@type": "PhpMyAdmin\\SqlParser\\Token",
                    "token": "phpmyadmin",
                    "value": "phpmyadmin",
                    "keyword": null,
                    "type": {
                        "@type": "PhpMyAdmin\\SqlParser\\TokenType",
                        "name": "None",
                        "value": 0
                    },
                    "flags": 0,
                    "position": 5
                },
                {
                    "@type": "PhpMyAdmin\\SqlParser\\Token",
                    "token": ".",
                    "value": ".",
                    "keyword": null,
                    "type": {
                        "@type": "PhpMyAdmin\\SqlParser\\TokenType",
                        "name": "Operator",
                        "value": 2
                    },
                    "flags": 16,
                    "position": 15
                },
                {
                    "@type": "PhpMyAdmin\\SqlParser\\Token",
                    "token": "pma__users",
                    "value": "pma__users",
                    "keyword": null,
                    "type": {
                        "@type": "@7"
                    },
                    "flags": 0,
                    "position": 16
                },
                {
                    "@type": "PhpMyAdmin\\SqlParser\\Token",
                    "token": ";",
                    "value": ";",
                    "keyword": null,
                    "type": {
                        "@type": "PhpMyAdmin\\SqlParser\\TokenType",
                        "name": "Delimiter",
                        "value": 9
                    },
                    "flags": 0,
                    "position": 26
                },
                {
                    "@type": "PhpMyAdmin\\SqlParser\\Token",
                    "token": null,
                    "value": null,
                    "keyword": null,
                    "type": {
                        "@type": "@12"
                    },
                    "flags": 0,
                    "position": null
                }
            ]
        },
        "delimiter": ";",
        "delimiterLen": 1
    },
    "parser": {
        "@type": "PhpMyAdmin\\SqlParser\\Parser",
        "strict": false,
        "errors": [],
        "list": {
            "@type": "@1"
        },
        "statements": [
            {
                "@type": "PhpMyAdmin\\SqlParser\\Statements\\ExplainStatement",
                "bodyParser": null,
                "statementAlias": "DESC",
                "connectionId": null,
                "explainedDatabase": "phpmyadmin",
                "explainedTable": "pma__users",
                "explainedColumn": null,
                "options": null,
                "first": 0,
                "last": 4
            }
        ],
        "brackets": 0
    },
    "errors": {
        "lexer": [],
        "parser": []
    }
}