{
    "query": "\nSTART TRANSACTION;\nSET time_zone = \"+00:00\";\n",
    "lexer": {
        "@type": "PhpMyAdmin\\SqlParser\\Lexer",
        "str": "\nSTART TRANSACTION;\nSET time_zone = \"+00:00\";\n",
        "len": 46,
        "last": 46,
        "list": {
            "@type": "PhpMyAdmin\\SqlParser\\TokensList",
            "count": 14,
            "idx": 14,
            "tokens": [
                {
                    "@type": "PhpMyAdmin\\SqlParser\\Token",
                    "token": "\n",
                    "value": " ",
                    "keyword": null,
                    "type": {
                        "@type": "PhpMyAdmin\\SqlParser\\TokenType",
                        "name": "Whitespace",
                        "value": 3
                    },
                    "flags": 0,
                    "position": 0
                },
                {
                    "@type": "PhpMyAdmin\\SqlParser\\Token",
                    "token": "START TRANSACTION",
                    "value": "START TRANSACTION",
                    "keyword": "START TRANSACTION",
                    "type": {
                        "@type": "PhpMyAdmin\\SqlParser\\TokenType",
                        "name": "Keyword",
                        "value": 1
                    },
                    "flags": 7,
                    "position": 1
                },
                {
                    "@type": "PhpMyAdmin\\SqlParser\\Token",
                    "token": ";",
                    "value": ";",
                    "keyword": null,
                    "type": {
                        "@type": "PhpMyAdmin\\SqlParser\\TokenType",
                        "name": "Delimiter",
                        "value": 9
                    },
                    "flags": 0,
                    "position": 18
                },
                {
                    "@type": "PhpMyAdmin\\SqlParser\\Token",
                    "token": "\n",
                    "value": " ",
                    "keyword": null,
                    "type": {
                        "@type": "@3"
                    },
                    "flags": 0,
                    "position": 19
                },
                {
                    "@type": "PhpMyAdmin\\SqlParser\\Token",
                    "token": "SET",
                    "value": "SET",
                    "keyword": "SET",
                    "type": {
                        "@type": "@5"
                    },
                    "flags": 11,
                    "position": 20
                },
                {
                    "@type": "PhpMyAdmin\\SqlParser\\Token",
                    "token": " ",
                    "value": " ",
                    "keyword": null,
                    "type": {
                        "@type": "@3"
                    },
                    "flags": 0,
                    "position": 23
                },
                {
                    "@type": "PhpMyAdmin\\SqlParser\\Token",
                    "token": "time_zone",
                    "value": "time_zone",
                    "keyword": null,
                    "type": {
                        "@type": "PhpMyAdmin\\SqlParser\\TokenType",
                        "name": "None",
                        "value": 0
                    },
                    "flags": 0,
                    "position": 24
                },
                {
                    "@type": "PhpMyAdmin\\SqlParser\\Token",
                    "token": " ",
                    "value": " ",
                    "keyword": null,
                    "type": {
                        "@type": "@3"
                    },
                    "flags": 0,
                    "position": 33
                },
                {
                    "@type": "PhpMyAdmin\\SqlParser\\Token",
                    "token": "=",
                    "value": "=",
                    "keyword": null,
                    "type": {
                        "@type": "PhpMyAdmin\\SqlParser\\TokenType",
                        "name": "Operator",
                        "value": 2
                    },
                    "flags": 2,
                    "position": 34
                },
                {
                    "@type": "PhpMyAdmin\\SqlParser\\Token",
                    "token": " ",
                    "value": " ",
                    "keyword": null,
                    "type": {
                        "@type": "@3"
                    },
                    "flags": 0,
                    "position": 35
                },
                {
                    "@type": "PhpMyAdmin\\SqlParser\\Token",
                    "token": "\"+00:00\"",
                    "value": "+00:00",
                    "keyword": null,
                    "type": {
                        "@type": "PhpMyAdmin\\SqlParser\\TokenType",
                        "name": "String",
                        "value": 7
                    },
                    "flags": 2,
                    "position": 36
                },
                {
                    "@type": "PhpMyAdmin\\SqlParser\\Token",
                    "token": ";",
                    "value": ";",
                    "keyword": null,
                    "type": {
                        "@type": "@7"
                    },
                    "flags": 0,
                    "position": 44
                },
                {
                    "@type": "PhpMyAdmin\\SqlParser\\Token",
                    "token": "\n",
                    "value": " ",
                    "keyword": null,
                    "type": {
                        "@type": "@3"
                    },
                    "flags": 0,
                    "position": 45
                },
                {
                    "@type": "PhpMyAdmin\\SqlParser\\Token",
                    "token": null,
                    "value": null,
                    "keyword": null,
                    "type": {
                        "@type": "@7"
                    },
                    "flags": 0,
                    "position": null
                }
            ]
        },
        "delimiter": ";",
        "delimiterLen": 1,
        "strict": false,
        "errors": []
    },
    "parser": {
        "@type": "PhpMyAdmin\\SqlParser\\Parser",
        "list": {
            "@type": "@1"
        },
        "statements": [
            {
                "@type": "PhpMyAdmin\\SqlParser\\Statements\\TransactionStatement",
                "type": 1,
                "statements": [
                    {
                        "@type": "PhpMyAdmin\\SqlParser\\Statements\\SetStatement",
                        "options": {
                            "@type": "PhpMyAdmin\\SqlParser\\Components\\OptionsArray",
                            "options": []
                        },
                        "endOptions": null,
                        "set": [
                            {
                                "@type": "PhpMyAdmin\\SqlParser\\Components\\SetOperation",
                                "column": "time_zone",
                                "value": "\"+00:00\""
                            }
                        ],
                        "first": 2,
                        "last": 10
                    }
                ],
                "end": null,
                "options": {
                    "@type": "PhpMyAdmin\\SqlParser\\Components\\OptionsArray",
                    "options": {
                        "1": "START TRANSACTION"
                    }
                },
                "first": 0,
                "last": 1
            }
        ],
        "brackets": 0,
        "strict": false,
        "errors": []
    },
    "errors": {
        "lexer": [],
        "parser": []
    }
}