{
    "query": "WITH*/A(",
    "lexer": {
        "@type": "PhpMyAdmin\\SqlParser\\Lexer",
        "strict": false,
        "errors": [],
        "str": "WITH*/A(",
        "len": 8,
        "last": 8,
        "list": {
            "@type": "PhpMyAdmin\\SqlParser\\TokensList",
            "count": 5,
            "idx": 5,
            "tokens": [
                {
                    "@type": "PhpMyAdmin\\SqlParser\\Token",
                    "token": "WITH",
                    "value": "WITH",
                    "keyword": "WITH",
                    "type": {
                        "@type": "PhpMyAdmin\\SqlParser\\TokenType",
                        "name": "Keyword",
                        "value": 1
                    },
                    "flags": 3,
                    "position": 0
                },
                {
                    "@type": "PhpMyAdmin\\SqlParser\\Token",
                    "token": "*/",
                    "value": "*/",
                    "keyword": null,
                    "type": {
                        "@type": "PhpMyAdmin\\SqlParser\\TokenType",
                        "name": "Comment",
                        "value": 4
                    },
                    "flags": 2,
                    "position": 4
                },
                {
                    "@type": "PhpMyAdmin\\SqlParser\\Token",
                    "token": "A",
                    "value": "A",
                    "keyword": null,
                    "type": {
                        "@type": "PhpMyAdmin\\SqlParser\\TokenType",
                        "name": "None",
                        "value": 0
                    },
                    "flags": 0,
                    "position": 6
                },
                {
                    "@type": "PhpMyAdmin\\SqlParser\\Token",
                    "token": "(",
                    "value": "(",
                    "keyword": null,
                    "type": {
                        "@type": "PhpMyAdmin\\SqlParser\\TokenType",
                        "name": "Operator",
                        "value": 2
                    },
                    "flags": 16,
                    "position": 7
                },
                {
                    "@type": "PhpMyAdmin\\SqlParser\\Token",
                    "token": "",
                    "value": "",
                    "keyword": null,
                    "type": {
                        "@type": "PhpMyAdmin\\SqlParser\\TokenType",
                        "name": "Delimiter",
                        "value": 9
                    },
                    "flags": 0,
                    "position": null
                }
            ]
        },
        "delimiter": ";",
        "delimiterLen": 1
    },
    "parser": {
        "@type": "PhpMyAdmin\\SqlParser\\Parser",
        "strict": false,
        "errors": [],
        "list": {
            "@type": "@1"
        },
        "statements": [
            {
                "@type": "PhpMyAdmin\\SqlParser\\Statements\\WithStatement",
                "withers": {
                    "A": {
                        "@type": "PhpMyAdmin\\SqlParser\\Components\\WithKeyword",
                        "columns": [],
                        "statement": null,
                        "name": "A"
                    }
                },
                "cteStatementParser": null,
                "options": {
                    "@type": "PhpMyAdmin\\SqlParser\\Components\\OptionsArray",
                    "options": []
                },
                "first": 0,
                "last": 3
            }
        ],
        "brackets": 0
    },
    "errors": {
        "lexer": [],
        "parser": [
            [
                "A closing bracket was expected.",
                {
                    "@type": "@10"
                },
                0
            ],
            [
                "Unexpected end of the WITH CTE.",
                {
                    "@type": "@10"
                },
                0
            ]
        ]
    }
}