{
    "query": "ALTeR=SET",
    "lexer": {
        "@type": "PhpMyAdmin\\SqlParser\\Lexer",
        "strict": false,
        "errors": [],
        "str": "ALTeR=SET",
        "len": 9,
        "last": 9,
        "list": {
            "@type": "PhpMyAdmin\\SqlParser\\TokensList",
            "count": 4,
            "idx": 4,
            "tokens": [
                {
                    "@type": "PhpMyAdmin\\SqlParser\\Token",
                    "token": "ALTeR",
                    "value": "ALTER",
                    "keyword": "ALTER",
                    "type": {
                        "@type": "PhpMyAdmin\\SqlParser\\TokenType",
                        "name": "Keyword",
                        "value": 1
                    },
                    "flags": 3,
                    "position": 0
                },
                {
                    "@type": "PhpMyAdmin\\SqlParser\\Token",
                    "token": "=",
                    "value": "=",
                    "keyword": null,
                    "type": {
                        "@type": "PhpMyAdmin\\SqlParser\\TokenType",
                        "name": "Operator",
                        "value": 2
                    },
                    "flags": 2,
                    "position": 5
                },
                {
                    "@type": "PhpMyAdmin\\SqlParser\\Token",
                    "token": "SET",
                    "value": "SET",
                    "keyword": "SET",
                    "type": {
                        "@type": "@3"
                    },
                    "flags": 11,
                    "position": 6
                },
                {
                    "@type": "PhpMyAdmin\\SqlParser\\Token",
                    "token": "",
                    "value": "",
                    "keyword": null,
                    "type": {
                        "@type": "PhpMyAdmin\\SqlParser\\TokenType",
                        "name": "Delimiter",
                        "value": 9
                    },
                    "flags": 0,
                    "position": null
                }
            ]
        },
        "delimiter": ";",
        "delimiterLen": 1
    },
    "parser": {
        "@type": "PhpMyAdmin\\SqlParser\\Parser",
        "strict": false,
        "errors": [],
        "list": {
            "@type": "@1"
        },
        "statements": [
            {
                "@type": "PhpMyAdmin\\SqlParser\\Statements\\AlterStatement",
                "table": null,
                "altered": [],
                "options": null,
                "first": 0,
                "last": 0
            },
            {
                "@type": "PhpMyAdmin\\SqlParser\\Statements\\SetStatement",
                "options": {
                    "@type": "PhpMyAdmin\\SqlParser\\Components\\OptionsArray",
                    "options": []
                },
                "endOptions": null,
                "set": [],
                "first": 1,
                "last": 2
            }
        ],
        "brackets": 0
    },
    "errors": {
        "lexer": [],
        "parser": [
            [
                "Unrecognized alter operation.",
                {
                    "@type": "@2"
                },
                0
            ]
        ]
    }
}